Archive member included to satisfy reference by file (symbol)

c:/program files (x86)/atmel/studio/7.0/toolchain/arm/arm-gnu-toolchain/bin/../lib/gcc/arm-none-eabi/6.3.1/../../../../arm-none-eabi/lib/thumb/v7-m\libc.a(lib_a-exit.o)
                              c:/program files (x86)/atmel/studio/7.0/toolchain/arm/arm-gnu-toolchain/bin/../lib/gcc/arm-none-eabi/6.3.1/../../../../arm-none-eabi/lib/thumb/v7-m/crt0.o (exit)
c:/program files (x86)/atmel/studio/7.0/toolchain/arm/arm-gnu-toolchain/bin/../lib/gcc/arm-none-eabi/6.3.1/../../../../arm-none-eabi/lib/thumb/v7-m\libc.a(lib_a-impure.o)
                              c:/program files (x86)/atmel/studio/7.0/toolchain/arm/arm-gnu-toolchain/bin/../lib/gcc/arm-none-eabi/6.3.1/../../../../arm-none-eabi/lib/thumb/v7-m\libc.a(lib_a-exit.o) (_global_impure_ptr)
c:/program files (x86)/atmel/studio/7.0/toolchain/arm/arm-gnu-toolchain/bin/../lib/gcc/arm-none-eabi/6.3.1/../../../../arm-none-eabi/lib/thumb/v7-m\libc.a(lib_a-init.o)
                              c:/program files (x86)/atmel/studio/7.0/toolchain/arm/arm-gnu-toolchain/bin/../lib/gcc/arm-none-eabi/6.3.1/../../../../arm-none-eabi/lib/thumb/v7-m/crt0.o (__libc_init_array)
c:/program files (x86)/atmel/studio/7.0/toolchain/arm/arm-gnu-toolchain/bin/../lib/gcc/arm-none-eabi/6.3.1/../../../../arm-none-eabi/lib/thumb/v7-m\libc.a(lib_a-memcpy.o)
                              src/ASF/thirdparty/freertos/freertos-7.3.0/source/queue.o (memcpy)
c:/program files (x86)/atmel/studio/7.0/toolchain/arm/arm-gnu-toolchain/bin/../lib/gcc/arm-none-eabi/6.3.1/../../../../arm-none-eabi/lib/thumb/v7-m\libc.a(lib_a-memset.o)
                              c:/program files (x86)/atmel/studio/7.0/toolchain/arm/arm-gnu-toolchain/bin/../lib/gcc/arm-none-eabi/6.3.1/../../../../arm-none-eabi/lib/thumb/v7-m/crt0.o (memset)
c:/program files (x86)/atmel/studio/7.0/toolchain/arm/arm-gnu-toolchain/bin/../lib/gcc/arm-none-eabi/6.3.1/../../../../arm-none-eabi/lib/thumb/v7-m\libc.a(lib_a-sprintf.o)
                              src/ASF/thirdparty/freertos/freertos-7.3.0/source/tasks.o (sprintf)
c:/program files (x86)/atmel/studio/7.0/toolchain/arm/arm-gnu-toolchain/bin/../lib/gcc/arm-none-eabi/6.3.1/../../../../arm-none-eabi/lib/thumb/v7-m\libc.a(lib_a-strcat.o)
                              src/ASF/thirdparty/freertos/freertos-7.3.0/source/tasks.o (strcat)
c:/program files (x86)/atmel/studio/7.0/toolchain/arm/arm-gnu-toolchain/bin/../lib/gcc/arm-none-eabi/6.3.1/../../../../arm-none-eabi/lib/thumb/v7-m\libc.a(lib_a-strcpy.o)
                              c:/program files (x86)/atmel/studio/7.0/toolchain/arm/arm-gnu-toolchain/bin/../lib/gcc/arm-none-eabi/6.3.1/../../../../arm-none-eabi/lib/thumb/v7-m\libc.a(lib_a-strcat.o) (strcpy)
c:/program files (x86)/atmel/studio/7.0/toolchain/arm/arm-gnu-toolchain/bin/../lib/gcc/arm-none-eabi/6.3.1/../../../../arm-none-eabi/lib/thumb/v7-m\libc.a(lib_a-strlen-stub.o)
                              src/ASF/thirdparty/freertos/freertos-7.3.0/source/FreeRTOS_CLI.o (strlen)
c:/program files (x86)/atmel/studio/7.0/toolchain/arm/arm-gnu-toolchain/bin/../lib/gcc/arm-none-eabi/6.3.1/../../../../arm-none-eabi/lib/thumb/v7-m\libc.a(lib_a-strncmp.o)
                              src/ASF/thirdparty/freertos/freertos-7.3.0/source/FreeRTOS_CLI.o (strncmp)
c:/program files (x86)/atmel/studio/7.0/toolchain/arm/arm-gnu-toolchain/bin/../lib/gcc/arm-none-eabi/6.3.1/../../../../arm-none-eabi/lib/thumb/v7-m\libc.a(lib_a-strncpy.o)
                              src/ASF/thirdparty/freertos/freertos-7.3.0/source/FreeRTOS_CLI.o (strncpy)
c:/program files (x86)/atmel/studio/7.0/toolchain/arm/arm-gnu-toolchain/bin/../lib/gcc/arm-none-eabi/6.3.1/../../../../arm-none-eabi/lib/thumb/v7-m\libc.a(lib_a-svfprintf.o)
                              c:/program files (x86)/atmel/studio/7.0/toolchain/arm/arm-gnu-toolchain/bin/../lib/gcc/arm-none-eabi/6.3.1/../../../../arm-none-eabi/lib/thumb/v7-m\libc.a(lib_a-sprintf.o) (_svfprintf_r)
c:/program files (x86)/atmel/studio/7.0/toolchain/arm/arm-gnu-toolchain/bin/../lib/gcc/arm-none-eabi/6.3.1/../../../../arm-none-eabi/lib/thumb/v7-m\libc.a(lib_a-__call_atexit.o)
                              c:/program files (x86)/atmel/studio/7.0/toolchain/arm/arm-gnu-toolchain/bin/../lib/gcc/arm-none-eabi/6.3.1/../../../../arm-none-eabi/lib/thumb/v7-m\libc.a(lib_a-exit.o) (__call_exitprocs)
c:/program files (x86)/atmel/studio/7.0/toolchain/arm/arm-gnu-toolchain/bin/../lib/gcc/arm-none-eabi/6.3.1/../../../../arm-none-eabi/lib/thumb/v7-m\libc.a(lib_a-atexit.o)
                              c:/program files (x86)/atmel/studio/7.0/toolchain/arm/arm-gnu-toolchain/bin/../lib/gcc/arm-none-eabi/6.3.1/../../../../arm-none-eabi/lib/thumb/v7-m\libc.a(lib_a-__call_atexit.o) (atexit)
c:/program files (x86)/atmel/studio/7.0/toolchain/arm/arm-gnu-toolchain/bin/../lib/gcc/arm-none-eabi/6.3.1/../../../../arm-none-eabi/lib/thumb/v7-m\libc.a(lib_a-dtoa.o)
[...]
Memory Configuration

Name             Origin             Length             Attributes
rom              0x00080000         0x00080000         xr
sram0            0x20000000         0x00010000         xrw
sram1            0x20080000         0x00008000         xrw
ram              0x20070000         0x00018000         xrw
*default*        0x00000000         0xffffffff

Linker script and memory map

LOAD c:/program files (x86)/atmel/studio/7.0/toolchain/arm/arm-gnu-toolchain/bin/../lib/gcc/arm-none-eabi/6.3.1/thumb/v7-m/crti.o
LOAD c:/program files (x86)/atmel/studio/7.0/toolchain/arm/arm-gnu-toolchain/bin/../lib/gcc/arm-none-eabi/6.3.1/thumb/v7-m/crtbegin.o
LOAD c:/program files (x86)/atmel/studio/7.0/toolchain/arm/arm-gnu-toolchain/bin/../lib/gcc/arm-none-eabi/6.3.1/../../../../arm-none-eabi/lib/thumb/v7-m/crt0.o
LOAD src/ASF/common/services/delay/sam/cycle_counter.o
LOAD src/ASF/common/services/serial/usart_serial.o
LOAD src/ASF/sam/drivers/uart/uart.o
LOAD src/ASF/sam/drivers/usart/usart.o
LOAD src/ASF/thirdparty/freertos/freertos-7.3.0/source/FreeRTOS_CLI.o
LOAD src/ASF/thirdparty/freertos/freertos-7.3.0/source/list.o
LOAD src/ASF/thirdparty/freertos/freertos-7.3.0/source/portable/gcc/sam/port.o
LOAD src/ASF/thirdparty/freertos/freertos-7.3.0/source/portable/memmang/heap_4.o
LOAD src/ASF/thirdparty/freertos/freertos-7.3.0/source/queue.o
LOAD src/ASF/thirdparty/freertos/freertos-7.3.0/source/tasks.o
LOAD src/ASF/thirdparty/freertos/freertos-7.3.0/source/timers.o
LOAD src/ASF/common/services/clock/sam3x/sysclk.o
LOAD src/ASF/common/utils/interrupt/interrupt_sam_nvic.o
LOAD src/ASF/sam/boards/arduino_due_x/init.o
LOAD src/ASF/sam/drivers/pio/pio.o
LOAD src/ASF/sam/drivers/pio/pio_handler.o
LOAD src/ASF/sam/drivers/pmc/pmc.o
LOAD src/ASF/sam/drivers/pmc/sleep.o
LOAD src/ASF/sam/utils/cmsis/sam3x/source/templates/exceptions.o
LOAD src/ASF/sam/utils/cmsis/sam3x/source/templates/gcc/startup_sam3x.o
LOAD src/ASF/sam/utils/cmsis/sam3x/source/templates/system_sam3x.o
LOAD src/ASF/sam/utils/syscalls/gcc/syscalls.o
LOAD src/main.o
START GROUP
LOAD ../src/ASF/thirdparty/CMSIS/Lib/GCC\libarm_cortexM3l_math.a
LOAD c:/program files (x86)/atmel/studio/7.0/toolchain/arm/arm-gnu-toolchain/bin/../lib/gcc/arm-none-eabi/6.3.1/../../../../arm-none-eabi/lib/thumb/v7-m\libm.a
END GROUP
START GROUP
LOAD c:/program files (x86)/atmel/studio/7.0/toolchain/arm/arm-gnu-toolchain/bin/../lib/gcc/arm-none-eabi/6.3.1/thumb/v7-m\libgcc.a
LOAD c:/program files (x86)/atmel/studio/7.0/toolchain/arm/arm-gnu-toolchain/bin/../lib/gcc/arm-none-eabi/6.3.1/../../../../arm-none-eabi/lib/thumb/v7-m\libc.a
END GROUP
LOAD c:/program files (x86)/atmel/studio/7.0/toolchain/arm/arm-gnu-toolchain/bin/../lib/gcc/arm-none-eabi/6.3.1/thumb/v7-m/crtend.o
LOAD c:/program files (x86)/atmel/studio/7.0/toolchain/arm/arm-gnu-toolchain/bin/../lib/gcc/arm-none-eabi/6.3.1/thumb/v7-m/crtn.o
                0x00002000                __stack_size__ = DEFINED (__stack_size__)?__stack_size__:0x2000
                0x20087ffc                __ram_end__ = ((ORIGIN (ram) + LENGTH (ram)) - 0x4)

.text           0x00080000     0x27d0
                0x00080000                . = ALIGN (0x4)
                0x00080000                _sfixed = .
 *(.vectors .vectors.*)
 .vectors       0x00080000       0xf4 src/ASF/sam/utils/cmsis/sam3x/source/templates/gcc/startup_sam3x.o
                0x00080000                exception_table
 *(.text .text.* .gnu.linkonce.t.*)
 .text          0x000800f4       0x6c c:/program files (x86)/atmel/studio/7.0/toolchain/arm/arm-gnu-toolchain/bin/../lib/gcc/arm-none-eabi/6.3.1/thumb/v7-m/crtbegin.o
 .text.uart_init
                0x00080160       0x36 src/ASF/sam/drivers/uart/uart.o
                0x00080160                uart_init
 .text.uart_write
                0x00080196       0x10 src/ASF/sam/drivers/uart/uart.o
                0x00080196                uart_write
 .text.uart_read
                0x000801a6       0x12 src/ASF/sam/drivers/uart/uart.o
                0x000801a6                uart_read
 .text.vListInitialise
                0x000801b8       0x16 src/ASF/thirdparty/freertos/freertos-7.3.0/source/list.o
                0x000801b8                vListInitialise
 .text.vListInitialiseItem
                0x000801ce        0x6 src/ASF/thirdparty/freertos/freertos-7.3.0/source/list.o
                0x000801ce                vListInitialiseItem
 .text.vListInsertEnd
                0x000801d4       0x1c src/ASF/thirdparty/freertos/freertos-7.3.0/source/list.o
                0x000801d4                vListInsertEnd
 .text.vListInsert
                0x000801f0       0x3a src/ASF/thirdparty/freertos/freertos-7.3.0/source/list.o
                0x000801f0                vListInsert
 .text.uxListRemove
                0x0008022a       0x26 src/ASF/thirdparty/freertos/freertos-7.3.0/source/list.o
                0x0008022a                uxListRemove
 .text.prvPortStartFirstTask
                0x00080250       0x14 src/ASF/thirdparty/freertos/freertos-7.3.0/source/portable/gcc/sam/port.o
 .text.pxPortInitialiseStack
                0x00080264       0x1a src/ASF/thirdparty/freertos/freertos-7.3.0/source/portable/gcc/sam/port.o
                0x00080264                pxPortInitialiseStack
 *fill*         0x0008027e        0x2 
 .text.SVC_Handler
                0x00080280       0x20 src/ASF/thirdparty/freertos/freertos-7.3.0/source/portable/gcc/sam/port.o
                0x00080280                SVC_Handler
 .text.vPortYieldFromISR
                0x000802a0       0x10 src/ASF/thirdparty/freertos/freertos-7.3.0/source/portable/gcc/sam/port.o
                0x000802a0                vPortYieldFromISR
 .text.ulPortSetInterruptMask
                0x000802b0       0x10 src/ASF/thirdparty/freertos/freertos-7.3.0/source/portable/gcc/sam/port.o
                0x000802b0                ulPortSetInterruptMask
 .text.vPortEnterCritical
                0x000802c0       0x18 src/ASF/thirdparty/freertos/freertos-7.3.0/source/portable/gcc/sam/port.o
                0x000802c0                vPortEnterCritical
 .text.vPortClearInterruptMask
                0x000802d8        0x6 src/ASF/thirdparty/freertos/freertos-7.3.0/source/portable/gcc/sam/port.o
                0x000802d8                vPortClearInterruptMask
 *fill*         0x000802de        0x2 
 .text.vPortExitCritical
                0x000802e0       0x20 src/ASF/thirdparty/freertos/freertos-7.3.0/source/portable/gcc/sam/port.o
                0x000802e0                vPortExitCritical
 .text.PendSV_Handler
                0x00080300       0x3c src/ASF/thirdparty/freertos/freertos-7.3.0/source/portable/gcc/sam/port.o
                0x00080300                PendSV_Handler
 .text.SysTick_Handler
                0x0008033c       0x2c src/ASF/thirdparty/freertos/freertos-7.3.0/source/portable/gcc/sam/port.o
                0x0008033c                SysTick_Handler
 .text.vPortSetupTimerInterrupt
                0x00080368       0x18 src/ASF/thirdparty/freertos/freertos-7.3.0/source/portable/gcc/sam/port.o
                0x00080368                vPortSetupTimerInterrupt
 .text.xPortStartScheduler
                0x00080380       0x38 src/ASF/thirdparty/freertos/freertos-7.3.0/source/portable/gcc/sam/port.o
                0x00080380                xPortStartScheduler
 .text.prvInsertBlockIntoFreeList
                0x000803b8       0x58 src/ASF/thirdparty/freertos/freertos-7.3.0/source/portable/memmang/heap_4.o
 .text.pvPortMalloc
                0x00080410       0xcc src/ASF/thirdparty/freertos/freertos-7.3.0/source/portable/memmang/heap_4.o
                0x00080410                pvPortMalloc
 .text.vPortFree
                0x000804dc       0x38 src/ASF/thirdparty/freertos/freertos-7.3.0/source/portable/memmang/heap_4.o
                0x000804dc                vPortFree
 .text.prvCopyDataToQueue
                0x00080514       0x68 src/ASF/thirdparty/freertos/freertos-7.3.0/source/queue.o
 .text.prvCopyDataFromQueue
                0x0008057c       0x28 src/ASF/thirdparty/freertos/freertos-7.3.0/source/queue.o
 .text.prvUnlockQueue
                0x000805a4       0x94 src/ASF/thirdparty/freertos/freertos-7.3.0/source/queue.o
 .text.xQueueGenericReset
                0x00080638       0x80 src/ASF/thirdparty/freertos/freertos-7.3.0/source/queue.o
                0x00080638                xQueueGenericReset
 .text.xQueueGenericCreate
                0x000806b8       0x54 src/ASF/thirdparty/freertos/freertos-7.3.0/source/queue.o
                0x000806b8                xQueueGenericCreate
 .text.xQueueGenericSend
                0x0008070c      0x128 src/ASF/thirdparty/freertos/freertos-7.3.0/source/queue.o
                0x0008070c                xQueueGenericSend
 .text.xQueueGenericSendFromISR
                0x00080834       0x90 src/ASF/thirdparty/freertos/freertos-7.3.0/source/queue.o
                0x00080834                xQueueGenericSendFromISR
 .text.xQueueGenericReceive
                0x000808c4      0x168 src/ASF/thirdparty/freertos/freertos-7.3.0/source/queue.o
                0x000808c4                xQueueGenericReceive
 .text.vQueueAddToRegistry
                0x00080a2c       0x30 src/ASF/thirdparty/freertos/freertos-7.3.0/source/queue.o
                0x00080a2c                vQueueAddToRegistry
 .text.vQueueWaitForMessageRestricted
                0x00080a5c       0x50 src/ASF/thirdparty/freertos/freertos-7.3.0/source/queue.o
                0x00080a5c                vQueueWaitForMessageRestricted
 .text.prvAddCurrentTaskToDelayedList
                0x00080aac       0x58 src/ASF/thirdparty/freertos/freertos-7.3.0/source/tasks.o
 .text.xTaskGenericCreate
                0x00080b04      0x204 src/ASF/thirdparty/freertos/freertos-7.3.0/source/tasks.o
                0x00080b04                xTaskGenericCreate
 .text.vTaskStartScheduler
                0x00080d08       0x68 src/ASF/thirdparty/freertos/freertos-7.3.0/source/tasks.o
                0x00080d08                vTaskStartScheduler
 .text.vTaskSuspendAll
                0x00080d70       0x10 src/ASF/thirdparty/freertos/freertos-7.3.0/source/tasks.o
                0x00080d70                vTaskSuspendAll
 .text.xTaskGetTickCount
                0x00080d80       0x20 src/ASF/thirdparty/freertos/freertos-7.3.0/source/tasks.o
                0x00080d80                xTaskGetTickCount
 .text.vTaskIncrementTick
                0x00080da0      0x128 src/ASF/thirdparty/freertos/freertos-7.3.0/source/tasks.o
                0x00080da0                vTaskIncrementTick
 .text.xTaskResumeAll
                0x00080ec8      0x100 src/ASF/thirdparty/freertos/freertos-7.3.0/source/tasks.o
                0x00080ec8                xTaskResumeAll
 .text.prvIdleTask
                0x00080fc8       0x88 src/ASF/thirdparty/freertos/freertos-7.3.0/source/tasks.o
 .text.vTaskSwitchContext
                0x00081050       0xa0 src/ASF/thirdparty/freertos/freertos-7.3.0/source/tasks.o
                0x00081050                vTaskSwitchContext
 .text.vTaskPlaceOnEventList
                0x000810f0       0x60 src/ASF/thirdparty/freertos/freertos-7.3.0/source/tasks.o
                0x000810f0                vTaskPlaceOnEventList
 .text.vTaskPlaceOnEventListRestricted
                0x00081150       0x44 src/ASF/thirdparty/freertos/freertos-7.3.0/source/tasks.o
                0x00081150                vTaskPlaceOnEventListRestricted
 .text.xTaskRemoveFromEventList
                0x00081194       0x84 src/ASF/thirdparty/freertos/freertos-7.3.0/source/tasks.o
                0x00081194                xTaskRemoveFromEventList
 .text.vTaskSetTimeOutState
                0x00081218       0x28 src/ASF/thirdparty/freertos/freertos-7.3.0/source/tasks.o
                0x00081218                vTaskSetTimeOutState
 .text.xTaskCheckForTimeOut
                0x00081240       0x84 src/ASF/thirdparty/freertos/freertos-7.3.0/source/tasks.o
                0x00081240                xTaskCheckForTimeOut
 .text.vTaskMissedYield
                0x000812c4        0xc src/ASF/thirdparty/freertos/freertos-7.3.0/source/tasks.o
                0x000812c4                vTaskMissedYield
 .text.xTaskGetCurrentTaskHandle
                0x000812d0        0xc src/ASF/thirdparty/freertos/freertos-7.3.0/source/tasks.o
                0x000812d0                xTaskGetCurrentTaskHandle
 .text.xTaskGetSchedulerState
                0x000812dc       0x20 src/ASF/thirdparty/freertos/freertos-7.3.0/source/tasks.o
                0x000812dc                xTaskGetSchedulerState
 .text.vTaskPriorityInherit
                0x000812fc       0x80 src/ASF/thirdparty/freertos/freertos-7.3.0/source/tasks.o
                0x000812fc                vTaskPriorityInherit
 .text.vTaskPriorityDisinherit
                0x0008137c       0x50 src/ASF/thirdparty/freertos/freertos-7.3.0/source/tasks.o
                0x0008137c                vTaskPriorityDisinherit
 .text.prvInsertTimerInActiveList
                0x000813cc       0x4c src/ASF/thirdparty/freertos/freertos-7.3.0/source/timers.o
 .text.prvCheckForValidListAndQueue
                0x00081418       0x5c src/ASF/thirdparty/freertos/freertos-7.3.0/source/timers.o
 .text.xTimerCreateTimerTask
                0x00081474       0x4c src/ASF/thirdparty/freertos/freertos-7.3.0/source/timers.o
                0x00081474                xTimerCreateTimerTask
 .text.xTimerGenericCommand
                0x000814c0       0x54 src/ASF/thirdparty/freertos/freertos-7.3.0/source/timers.o
                0x000814c0                xTimerGenericCommand
 .text.prvSampleTimeNow
                0x00081514       0xb0 src/ASF/thirdparty/freertos/freertos-7.3.0/source/timers.o
 .text.prvTimerTask
                0x000815c4      0x174 src/ASF/thirdparty/freertos/freertos-7.3.0/source/timers.o
 .text.sysclk_init
                0x00081738       0x64 src/ASF/common/services/clock/sam3x/sysclk.o
                0x00081738                sysclk_init
 .text.board_init
                0x0008179c       0x80 src/ASF/sam/boards/arduino_due_x/init.o
                0x0008179c                board_init
 .text.pio_set_peripheral
                0x0008181c       0x3e src/ASF/sam/drivers/pio/pio.o
                0x0008181c                pio_set_peripheral
 .text.pio_set_input
                0x0008185a       0x32 src/ASF/sam/drivers/pio/pio.o
                0x0008185a                pio_set_input
 .text.pio_set_output
                0x0008188c       0x26 src/ASF/sam/drivers/pio/pio.o
                0x0008188c                pio_set_output
 .text.pio_get_interrupt_status
                0x000818b2        0x4 src/ASF/sam/drivers/pio/pio.o
                0x000818b2                pio_get_interrupt_status
 .text.pio_get_interrupt_mask
                0x000818b6        0x4 src/ASF/sam/drivers/pio/pio.o
                0x000818b6                pio_get_interrupt_mask
 *fill*         0x000818ba        0x2 
 .text.pio_configure_pin
                0x000818bc       0xd0 src/ASF/sam/drivers/pio/pio.o
                0x000818bc                pio_configure_pin
 .text.pio_configure_pin_group
                0x0008198c       0x9c src/ASF/sam/drivers/pio/pio.o
                0x0008198c                pio_configure_pin_group
 .text.pio_handler_process
                0x00081a28       0x50 src/ASF/sam/drivers/pio/pio_handler.o
                0x00081a28                pio_handler_process
 .text.PIOA_Handler
                0x00081a78       0x14 src/ASF/sam/drivers/pio/pio_handler.o
                0x00081a78                PIOA_Handler
 .text.PIOB_Handler
                0x00081a8c       0x14 src/ASF/sam/drivers/pio/pio_handler.o
                0x00081a8c                PIOB_Handler
 .text.PIOC_Handler
                0x00081aa0       0x14 src/ASF/sam/drivers/pio/pio_handler.o
                0x00081aa0                PIOC_Handler
 .text.PIOD_Handler
                0x00081ab4       0x14 src/ASF/sam/drivers/pio/pio_handler.o
                0x00081ab4                PIOD_Handler
 .text.pmc_switch_mck_to_pllack
                0x00081ac8       0x64 src/ASF/sam/drivers/pmc/pmc.o
                0x00081ac8                pmc_switch_mck_to_pllack
 .text.pmc_switch_mainck_to_xtal
                0x00081b2c       0x54 src/ASF/sam/drivers/pmc/pmc.o
                0x00081b2c                pmc_switch_mainck_to_xtal
 .text.pmc_osc_is_ready_mainck
                0x00081b80       0x10 src/ASF/sam/drivers/pmc/pmc.o
                0x00081b80                pmc_osc_is_ready_mainck
 .text.pmc_disable_pllack
                0x00081b90       0x10 src/ASF/sam/drivers/pmc/pmc.o
                0x00081b90                pmc_disable_pllack
 .text.pmc_is_locked_pllack
                0x00081ba0       0x10 src/ASF/sam/drivers/pmc/pmc.o
                0x00081ba0                pmc_is_locked_pllack
 .text.pmc_enable_periph_clk
                0x00081bb0       0x20 src/ASF/sam/drivers/pmc/pmc.o
                0x00081bb0                pmc_enable_periph_clk
 .text.Dummy_Handler
                0x00081bd0        0x2 src/ASF/sam/utils/cmsis/sam3x/source/templates/exceptions.o
                0x00081bd0                DACC_Handler
                0x00081bd0                DebugMon_Handler
                0x00081bd0                DMAC_Handler
                0x00081bd0                TRNG_Handler
                0x00081bd0                HardFault_Handler
                0x00081bd0                TC2_Handler
                0x00081bd0                USART3_Handler
                0x00081bd0                TWI1_Handler
                0x00081bd0                NMI_Handler
                0x00081bd0                TC7_Handler
                0x00081bd0                ADC_Handler
                0x00081bd0                SMC_Handler
                0x00081bd0                USART0_Handler
                0x00081bd0                RTT_Handler
                0x00081bd0                EFC1_Handler
                0x00081bd0                RTC_Handler
                0x00081bd0                UsageFault_Handler
                0x00081bd0                TC6_Handler
                0x00081bd0                WDT_Handler
                0x00081bd0                CAN0_Handler
                0x00081bd0                TC4_Handler
                0x00081bd0                TC1_Handler
                0x00081bd0                HSMCI_Handler
                0x00081bd0                TC3_Handler
                0x00081bd0                Dummy_Handler
                0x00081bd0                TWI0_Handler
                0x00081bd0                USART1_Handler
                0x00081bd0                SSC_Handler
                0x00081bd0                EFC0_Handler
                0x00081bd0                PMC_Handler
                0x00081bd0                PWM_Handler
                0x00081bd0                CAN1_Handler
                0x00081bd0                MemManage_Handler
                0x00081bd0                SUPC_Handler
                0x00081bd0                TC8_Handler
                0x00081bd0                USART2_Handler
                0x00081bd0                EMAC_Handler
                0x00081bd0                UART_Handler
                0x00081bd0                BusFault_Handler
                0x00081bd0                RSTC_Handler
                0x00081bd0                TC0_Handler
                0x00081bd0                TC5_Handler
                0x00081bd0                UOTGHS_Handler
                0x00081bd0                SPI0_Handler
 *fill*         0x00081bd2        0x2 
 .text.Reset_Handler
                0x00081bd4       0x98 src/ASF/sam/utils/cmsis/sam3x/source/templates/gcc/startup_sam3x.o
                0x00081bd4                Reset_Handler
 .text.SystemCoreClockUpdate
                0x00081c6c      0x118 src/ASF/sam/utils/cmsis/sam3x/source/templates/system_sam3x.o
                0x00081c6c                SystemCoreClockUpdate
 .text.my_led_task_3
                0x00081d84       0x5c src/main.o
 .text.my_led_task_2
                0x00081de0       0x5c src/main.o
 .text.my_led_task_1
                0x00081e3c       0x5c src/main.o
 .text.vTaskTX_A
                0x00081e98       0x60 src/main.o
                0x00081e98                vTaskTX_A
 .text.vTaskRX  0x00081ef8       0x88 src/main.o
                0x00081ef8                vTaskRX
 .text.vTaskTX  0x00081f80       0x88 src/main.o
                0x00081f80                vTaskTX
 .text.vTaskTX_B
                0x00082008       0x60 src/main.o
                0x00082008                vTaskTX_B
 .text.main     0x00082068      0x340 src/main.o
                0x00082068                main
 .text.__libc_init_array
                0x000823a8       0x50 c:/program files (x86)/atmel/studio/7.0/toolchain/arm/arm-gnu-toolchain/bin/../lib/gcc/arm-none-eabi/6.3.1/../../../../arm-none-eabi/lib/thumb/v7-m\libc.a(lib_a-init.o)
                0x000823a8                __libc_init_array
 .text          0x000823f8       0xec c:/program files (x86)/atmel/studio/7.0/toolchain/arm/arm-gnu-toolchain/bin/../lib/gcc/arm-none-eabi/6.3.1/../../../../arm-none-eabi/lib/thumb/v7-m\libc.a(lib_a-memcpy.o)
                0x000823f8                memcpy
 .text.memset   0x000824e4       0x9c c:/program files (x86)/atmel/studio/7.0/toolchain/arm/arm-gnu-toolchain/bin/../lib/gcc/arm-none-eabi/6.3.1/../../../../arm-none-eabi/lib/thumb/v7-m\libc.a(lib_a-memset.o)
                0x000824e4                memset
 .text.strncpy  0x00082580       0x64 c:/program files (x86)/atmel/studio/7.0/toolchain/arm/arm-gnu-toolchain/bin/../lib/gcc/arm-none-eabi/6.3.1/../../../../arm-none-eabi/lib/thumb/v7-m\libc.a(lib_a-strncpy.o)
                0x00082580                strncpy
 .text.startup.register_fini
                0x000825e4       0x14 c:/program files (x86)/atmel/studio/7.0/toolchain/arm/arm-gnu-toolchain/bin/../lib/gcc/arm-none-eabi/6.3.1/../../../../arm-none-eabi/lib/thumb/v7-m\libc.a(lib_a-__call_atexit.o)
 .text.atexit   0x000825f8        0xc c:/program files (x86)/atmel/studio/7.0/toolchain/arm/arm-gnu-toolchain/bin/../lib/gcc/arm-none-eabi/6.3.1/../../../../arm-none-eabi/lib/thumb/v7-m\libc.a(lib_a-atexit.o)
                0x000825f8                atexit
 .text.__libc_fini_array
                0x00082604       0x34 c:/program files (x86)/atmel/studio/7.0/toolchain/arm/arm-gnu-toolchain/bin/../lib/gcc/arm-none-eabi/6.3.1/../../../../arm-none-eabi/lib/thumb/v7-m\libc.a(lib_a-fini.o)
                0x00082604                __libc_fini_array
 .text.__retarget_lock_acquire_recursive
                0x00082638        0x4 c:/program files (x86)/atmel/studio/7.0/toolchain/arm/arm-gnu-toolchain/bin/../lib/gcc/arm-none-eabi/6.3.1/../../../../arm-none-eabi/lib/thumb/v7-m\libc.a(lib_a-lock.o)
                0x00082638                __retarget_lock_acquire_recursive
 .text.__retarget_lock_release_recursive
                0x0008263c        0x4 c:/program files (x86)/atmel/studio/7.0/toolchain/arm/arm-gnu-toolchain/bin/../lib/gcc/arm-none-eabi/6.3.1/../../../../arm-none-eabi/lib/thumb/v7-m\libc.a(lib_a-lock.o)
                0x0008263c                __retarget_lock_release_recursive
 .text.__register_exitproc
                0x00082640       0xc4 c:/program files (x86)/atmel/studio/7.0/toolchain/arm/arm-gnu-toolchain/bin/../lib/gcc/arm-none-eabi/6.3.1/../../../../arm-none-eabi/lib/thumb/v7-m\libc.a(lib_a-__atexit.o)
                0x00082640                __register_exitproc
 *(.glue_7t)
 .glue_7t       0x00082704        0x0 linker stubs
 *(.glue_7)
 .glue_7        0x00082704        0x0 linker stubs
 *(.rodata .rodata* .gnu.linkonce.r.*)
 .rodata.vTaskStartScheduler.str1.4
                0x00082704        0x5 src/ASF/thirdparty/freertos/freertos-7.3.0/source/tasks.o
 *fill*         0x00082709        0x3 
 .rodata.xTimerCreateTimerTask.str1.4
                0x0008270c        0x8 src/ASF/thirdparty/freertos/freertos-7.3.0/source/timers.o
 .rodata.main.str1.4
                0x00082714       0x94 src/main.o
                                 0x93 (size before relaxing)
 .rodata._global_impure_ptr
                0x000827a8        0x4 c:/program files (x86)/atmel/studio/7.0/toolchain/arm/arm-gnu-toolchain/bin/../lib/gcc/arm-none-eabi/6.3.1/../../../../arm-none-eabi/lib/thumb/v7-m\libc.a(lib_a-impure.o)
                0x000827a8                _global_impure_ptr
 *(.ARM.extab* .gnu.linkonce.armextab.*)
                0x000827ac                . = ALIGN (0x4)
 *(.init)
 .init          0x000827ac        0x4 c:/program files (x86)/atmel/studio/7.0/toolchain/arm/arm-gnu-toolchain/bin/../lib/gcc/arm-none-eabi/6.3.1/thumb/v7-m/crti.o
                0x000827ac                _init
 .init          0x000827b0        0x8 c:/program files (x86)/atmel/studio/7.0/toolchain/arm/arm-gnu-toolchain/bin/../lib/gcc/arm-none-eabi/6.3.1/thumb/v7-m/crtn.o
                0x000827b8                . = ALIGN (0x4)
                0x000827b8                __preinit_array_start = .
 *(.preinit_array)
                0x000827b8                __preinit_array_end = .
                0x000827b8                . = ALIGN (0x4)
                0x000827b8                __init_array_start = .
 *(SORT(.init_array.*))
 .init_array.00000
                0x000827b8        0x4 c:/program files (x86)/atmel/studio/7.0/toolchain/arm/arm-gnu-toolchain/bin/../lib/gcc/arm-none-eabi/6.3.1/../../../../arm-none-eabi/lib/thumb/v7-m\libc.a(lib_a-__call_atexit.o)
 *(.init_array)
 .init_array    0x000827bc        0x4 c:/program files (x86)/atmel/studio/7.0/toolchain/arm/arm-gnu-toolchain/bin/../lib/gcc/arm-none-eabi/6.3.1/thumb/v7-m/crtbegin.o
                0x000827c0                __init_array_end = .
                0x000827c0                . = ALIGN (0x4)
 *crtbegin.o(.ctors)
 *(EXCLUDE_FILE(*crtend.o) .ctors)
 *(SORT(.ctors.*))
 *crtend.o(.ctors)
                0x000827c0                . = ALIGN (0x4)
 *(.fini)
 .fini          0x000827c0        0x4 c:/program files (x86)/atmel/studio/7.0/toolchain/arm/arm-gnu-toolchain/bin/../lib/gcc/arm-none-eabi/6.3.1/thumb/v7-m/crti.o
                0x000827c0                _fini
 .fini          0x000827c4        0x8 c:/program files (x86)/atmel/studio/7.0/toolchain/arm/arm-gnu-toolchain/bin/../lib/gcc/arm-none-eabi/6.3.1/thumb/v7-m/crtn.o
                0x000827cc                . = ALIGN (0x4)
                0x000827cc                __fini_array_start = .
 *(.fini_array)
 .fini_array    0x000827cc        0x4 c:/program files (x86)/atmel/studio/7.0/toolchain/arm/arm-gnu-toolchain/bin/../lib/gcc/arm-none-eabi/6.3.1/thumb/v7-m/crtbegin.o
 *(SORT(.fini_array.*))
                0x000827d0                __fini_array_end = .
 *crtbegin.o(.dtors)
 *(EXCLUDE_FILE(*crtend.o) .dtors)
 *(SORT(.dtors.*))
 *crtend.o(.dtors)
                0x000827d0                . = ALIGN (0x4)
                0x000827d0                _efixed = .
                [!provide]                PROVIDE (__exidx_start, .)

.vfp11_veneer   0x000827d0        0x0
 .vfp11_veneer  0x000827d0        0x0 linker stubs

.v4_bx          0x000827d0        0x0
 .v4_bx         0x000827d0        0x0 linker stubs

.iplt           0x000827d0        0x0
 .iplt          0x000827d0        0x0 c:/program files (x86)/atmel/studio/7.0/toolchain/arm/arm-gnu-toolchain/bin/../lib/gcc/arm-none-eabi/6.3.1/thumb/v7-m/crtbegin.o

.eh_frame       0x000827d0        0x0
 .eh_frame      0x000827d0        0x0 c:/program files (x86)/atmel/studio/7.0/toolchain/arm/arm-gnu-toolchain/bin/../lib/gcc/arm-none-eabi/6.3.1/thumb/v7-m/crtbegin.o

.rel.dyn        0x000827d0        0x0
 .rel.iplt      0x000827d0        0x0 c:/program files (x86)/atmel/studio/7.0/toolchain/arm/arm-gnu-toolchain/bin/../lib/gcc/arm-none-eabi/6.3.1/thumb/v7-m/crtbegin.o

.jcr            0x000827d0        0x0
 .jcr           0x000827d0        0x0 c:/program files (x86)/atmel/studio/7.0/toolchain/arm/arm-gnu-toolchain/bin/../lib/gcc/arm-none-eabi/6.3.1/thumb/v7-m/crtbegin.o

.igot.plt       0x000827d0        0x0
 .igot.plt      0x000827d0        0x0 c:/program files (x86)/atmel/studio/7.0/toolchain/arm/arm-gnu-toolchain/bin/../lib/gcc/arm-none-eabi/6.3.1/thumb/v7-m/crtbegin.o

.ARM.exidx
 *(.ARM.exidx* .gnu.linkonce.armexidx.*)
                [!provide]                PROVIDE (__exidx_end, .)
                0x000827d0                . = ALIGN (0x4)
                0x000827d0                _etext = .

.relocate       0x20070000      0x584 load address 0x000827d0
                0x20070000                . = ALIGN (0x4)
                0x20070000                _srelocate = .
 *(.ramfunc .ramfunc.*)
 .ramfunc       0x20070000        0xa src/ASF/common/services/delay/sam/cycle_counter.o
                0x20070000                portable_delay_cycles
 *fill*         0x2007000a        0x2 
 .ramfunc       0x2007000c      0x12c src/ASF/sam/utils/cmsis/sam3x/source/templates/system_sam3x.o
                0x2007000c                SystemInit
                0x200700b0                system_init_flash
 *(.data .data.*)
 .data.uxCriticalNesting
                0x20070138        0x4 src/ASF/thirdparty/freertos/freertos-7.3.0/source/portable/gcc/sam/port.o
 .data.xFreeBytesRemaining
                0x2007013c        0x4 src/ASF/thirdparty/freertos/freertos-7.3.0/source/portable/memmang/heap_4.o
 .data.xNextTaskUnblockTime
                0x20070140        0x4 src/ASF/thirdparty/freertos/freertos-7.3.0/source/tasks.o
 .data.SystemCoreClock
                0x20070144        0x4 src/ASF/sam/utils/cmsis/sam3x/source/templates/system_sam3x.o
                0x20070144                SystemCoreClock
 .data.usart_options
                0x20070148       0x10 src/main.o
 .data.impure_data
                0x20070158      0x428 c:/program files (x86)/atmel/studio/7.0/toolchain/arm/arm-gnu-toolchain/bin/../lib/gcc/arm-none-eabi/6.3.1/../../../../arm-none-eabi/lib/thumb/v7-m\libc.a(lib_a-impure.o)
 .data.__atexit_recursive_mutex
                0x20070580        0x4 c:/program files (x86)/atmel/studio/7.0/toolchain/arm/arm-gnu-toolchain/bin/../lib/gcc/arm-none-eabi/6.3.1/../../../../arm-none-eabi/lib/thumb/v7-m\libc.a(lib_a-__call_atexit.o)
                0x20070580                __atexit_recursive_mutex
                0x20070584                . = ALIGN (0x4)
                0x20070584                _erelocate = .

.bss            0x20070588     0xa280 load address 0x00082d58
                0x20070588                . = ALIGN (0x4)
                0x20070588                _sbss = .
                0x20070588                _szero = .
 *(.bss .bss.*)
 .bss           0x20070588       0x1c c:/program files (x86)/atmel/studio/7.0/toolchain/arm/arm-gnu-toolchain/bin/../lib/gcc/arm-none-eabi/6.3.1/thumb/v7-m/crtbegin.o
 .bss.pxEnd     0x200705a4        0x4 src/ASF/thirdparty/freertos/freertos-7.3.0/source/portable/memmang/heap_4.o
 .bss.xHeap     0x200705a8     0xa000 src/ASF/thirdparty/freertos/freertos-7.3.0/source/portable/memmang/heap_4.o
 .bss.xStart    0x2007a5a8        0x8 src/ASF/thirdparty/freertos/freertos-7.3.0/source/portable/memmang/heap_4.o
 .bss.pxCurrentTCB
                0x2007a5b0        0x4 src/ASF/thirdparty/freertos/freertos-7.3.0/source/tasks.o
                0x2007a5b0                pxCurrentTCB
 .bss.pxDelayedTaskList
                0x2007a5b4        0x4 src/ASF/thirdparty/freertos/freertos-7.3.0/source/tasks.o
 .bss.pxOverflowDelayedTaskList
                0x2007a5b8        0x4 src/ASF/thirdparty/freertos/freertos-7.3.0/source/tasks.o
 .bss.pxReadyTasksLists
                0x2007a5bc       0x64 src/ASF/thirdparty/freertos/freertos-7.3.0/source/tasks.o
 .bss.uxCurrentNumberOfTasks
                0x2007a620        0x4 src/ASF/thirdparty/freertos/freertos-7.3.0/source/tasks.o
 .bss.uxMissedTicks
                0x2007a624        0x4 src/ASF/thirdparty/freertos/freertos-7.3.0/source/tasks.o
 .bss.uxSchedulerSuspended
                0x2007a628        0x4 src/ASF/thirdparty/freertos/freertos-7.3.0/source/tasks.o
 .bss.uxTaskNumber
                0x2007a62c        0x4 src/ASF/thirdparty/freertos/freertos-7.3.0/source/tasks.o
 .bss.uxTasksDeleted
                0x2007a630        0x4 src/ASF/thirdparty/freertos/freertos-7.3.0/source/tasks.o
 .bss.uxTopReadyPriority
                0x2007a634        0x4 src/ASF/thirdparty/freertos/freertos-7.3.0/source/tasks.o
 .bss.uxTopUsedPriority
                0x2007a638        0x4 src/ASF/thirdparty/freertos/freertos-7.3.0/source/tasks.o
 .bss.xDelayedTaskList1
                0x2007a63c       0x14 src/ASF/thirdparty/freertos/freertos-7.3.0/source/tasks.o
 .bss.xDelayedTaskList2
                0x2007a650       0x14 src/ASF/thirdparty/freertos/freertos-7.3.0/source/tasks.o
 .bss.xMissedYield
                0x2007a664        0x4 src/ASF/thirdparty/freertos/freertos-7.3.0/source/tasks.o
 .bss.xNumOfOverflows
                0x2007a668        0x4 src/ASF/thirdparty/freertos/freertos-7.3.0/source/tasks.o
 .bss.xPendingReadyList
                0x2007a66c       0x14 src/ASF/thirdparty/freertos/freertos-7.3.0/source/tasks.o
 .bss.xSchedulerRunning
                0x2007a680        0x4 src/ASF/thirdparty/freertos/freertos-7.3.0/source/tasks.o
 .bss.xSuspendedTaskList
                0x2007a684       0x14 src/ASF/thirdparty/freertos/freertos-7.3.0/source/tasks.o
 .bss.xTasksWaitingTermination
                0x2007a698       0x14 src/ASF/thirdparty/freertos/freertos-7.3.0/source/tasks.o
 .bss.xTickCount
                0x2007a6ac        0x4 src/ASF/thirdparty/freertos/freertos-7.3.0/source/tasks.o
 .bss.pxCurrentTimerList
                0x2007a6b0        0x4 src/ASF/thirdparty/freertos/freertos-7.3.0/source/timers.o
 .bss.pxOverflowTimerList
                0x2007a6b4        0x4 src/ASF/thirdparty/freertos/freertos-7.3.0/source/timers.o
 .bss.xActiveTimerList1
                0x2007a6b8       0x14 src/ASF/thirdparty/freertos/freertos-7.3.0/source/timers.o
 .bss.xActiveTimerList2
                0x2007a6cc       0x14 src/ASF/thirdparty/freertos/freertos-7.3.0/source/timers.o
 .bss.xLastTime.4541
                0x2007a6e0        0x4 src/ASF/thirdparty/freertos/freertos-7.3.0/source/timers.o
 .bss.xTimerQueue
                0x2007a6e4        0x4 src/ASF/thirdparty/freertos/freertos-7.3.0/source/timers.o
 .bss.gs_interrupt_sources
                0x2007a6e8       0x70 src/ASF/sam/drivers/pio/pio_handler.o
 *(COMMON)
 COMMON         0x2007a758       0x40 src/ASF/thirdparty/freertos/freertos-7.3.0/source/queue.o
                0x2007a758                xQueueRegistry
 COMMON         0x2007a798       0x4c src/main.o
                0x2007a798                worker_tx_id
                0x2007a79c                received_byte
                0x2007a7a0                notification_semaphore
                0x2007a7a4                semaphore_1
                0x2007a7a8                worker2_id
                0x2007a7ac                semaphore_uart_tx
                0x2007a7b0                semaphore_2
                0x2007a7b4                semaphore_uart_tx_a
                0x2007a7b8                worker3_id
                0x2007a7bc                worker1_id
                0x2007a7c0                semaphore_3
                0x2007a7c4                manager_id
                0x2007a7c8                worker_tx_b_id
                0x2007a7cc                Timer_id
                0x2007a7d0                worker_tx_a_id
                0x2007a7d4                Queue_id
                0x2007a7d8                semaphore_uart_rx
                0x2007a7dc                semaphore_uart_tx_b
                0x2007a7e0                worker_rx_id
 COMMON         0x2007a7e4       0x21 c:/program files (x86)/atmel/studio/7.0/toolchain/arm/arm-gnu-toolchain/bin/../lib/gcc/arm-none-eabi/6.3.1/../../../../arm-none-eabi/lib/thumb/v7-m\libc.a(lib_a-lock.o)
                0x2007a7e4                __lock___atexit_recursive_mutex
                0x2007a7e8                __lock___arc4random_mutex
                0x2007a7ec                __lock___env_recursive_mutex
                0x2007a7f0                __lock___sinit_recursive_mutex
                0x2007a7f4                __lock___malloc_recursive_mutex
                0x2007a7f8                __lock___at_quick_exit_mutex
                0x2007a7fc                __lock___dd_hash_mutex
                0x2007a800                __lock___tz_mutex
                0x2007a804                __lock___sfp_recursive_mutex
                0x2007a808                . = ALIGN (0x4)
 *fill*         0x2007a805        0x3 
                0x2007a808                _ebss = .
                0x2007a808                _ezero = .

.stack          0x2007a808     0x2000 load address 0x0008cfd8
                0x2007a808                . = ALIGN (0x8)
                0x2007a808                _sstack = .
                0x2007c808                . = (. + __stack_size__)
 *fill*         0x2007a808     0x2000 
                0x2007c808                . = ALIGN (0x8)
                0x2007c808                _estack = .
                0x2007c808                . = ALIGN (0x4)
                0x2007c808                _end = .
OUTPUT(GccBoardProject1.elf elf32-littlearm)

.ARM.attributes
                0x00000000       0x29
 .ARM.attributes
                0x00000000       0x1d c:/program files (x86)/atmel/studio/7.0/toolchain/arm/arm-gnu-toolchain/bin/../lib/gcc/arm-none-eabi/6.3.1/thumb/v7-m/crti.o
 .ARM.attributes
                0x0000001d       0x2d c:/program files (x86)/atmel/studio/7.0/toolchain/arm/arm-gnu-toolchain/bin/../lib/gcc/arm-none-eabi/6.3.1/thumb/v7-m/crtbegin.o
 .ARM.attributes
                0x0000004a       0x33 src/ASF/common/services/delay/sam/cycle_counter.o
 .ARM.attributes
                0x0000007d       0x33 src/ASF/sam/drivers/uart/uart.o
 .ARM.attributes
                0x000000b0       0x33 src/ASF/thirdparty/freertos/freertos-7.3.0/source/list.o
 .ARM.attributes
                0x000000e3       0x33 src/ASF/thirdparty/freertos/freertos-7.3.0/source/portable/gcc/sam/port.o
 .ARM.attributes
                0x00000116       0x33 src/ASF/thirdparty/freertos/freertos-7.3.0/source/portable/memmang/heap_4.o
 .ARM.attributes
                0x00000149       0x33 src/ASF/thirdparty/freertos/freertos-7.3.0/source/queue.o
 .ARM.attributes
                0x0000017c       0x33 src/ASF/thirdparty/freertos/freertos-7.3.0/source/tasks.o
 .ARM.attributes
                0x000001af       0x33 src/ASF/thirdparty/freertos/freertos-7.3.0/source/timers.o
 .ARM.attributes
                0x000001e2       0x33 src/ASF/common/services/clock/sam3x/sysclk.o
 .ARM.attributes
                0x00000215       0x33 src/ASF/sam/boards/arduino_due_x/init.o
 .ARM.attributes
                0x00000248       0x33 src/ASF/sam/drivers/pio/pio.o
 .ARM.attributes
                0x0000027b       0x33 src/ASF/sam/drivers/pio/pio_handler.o
 .ARM.attributes
                0x000002ae       0x33 src/ASF/sam/drivers/pmc/pmc.o
 .ARM.attributes
                0x000002e1       0x33 src/ASF/sam/utils/cmsis/sam3x/source/templates/exceptions.o
 .ARM.attributes
                0x00000314       0x33 src/ASF/sam/utils/cmsis/sam3x/source/templates/gcc/startup_sam3x.o
 .ARM.attributes
                0x00000347       0x33 src/ASF/sam/utils/cmsis/sam3x/source/templates/system_sam3x.o
 .ARM.attributes
                0x0000037a       0x33 src/main.o
 .ARM.attributes
                0x000003ad       0x2d c:/program files (x86)/atmel/studio/7.0/toolchain/arm/arm-gnu-toolchain/bin/../lib/gcc/arm-none-eabi/6.3.1/../../../../arm-none-eabi/lib/thumb/v7-m\libc.a(lib_a-impure.o)
 .ARM.attributes
                0x000003da       0x2d c:/program files (x86)/atmel/studio/7.0/toolchain/arm/arm-gnu-toolchain/bin/../lib/gcc/arm-none-eabi/6.3.1/../../../../arm-none-eabi/lib/thumb/v7-m\libc.a(lib_a-init.o)
 .ARM.attributes
                0x00000407       0x1b c:/program files (x86)/atmel/studio/7.0/toolchain/arm/arm-gnu-toolchain/bin/../lib/gcc/arm-none-eabi/6.3.1/../../../../arm-none-eabi/lib/thumb/v7-m\libc.a(lib_a-memcpy.o)
 .ARM.attributes
                0x00000422       0x2d c:/program files (x86)/atmel/studio/7.0/toolchain/arm/arm-gnu-toolchain/bin/../lib/gcc/arm-none-eabi/6.3.1/../../../../arm-none-eabi/lib/thumb/v7-m\libc.a(lib_a-memset.o)
 .ARM.attributes
                0x0000044f       0x2d c:/program files (x86)/atmel/studio/7.0/toolchain/arm/arm-gnu-toolchain/bin/../lib/gcc/arm-none-eabi/6.3.1/../../../../arm-none-eabi/lib/thumb/v7-m\libc.a(lib_a-strncpy.o)
 .ARM.attributes
                0x0000047c       0x2d c:/program files (x86)/atmel/studio/7.0/toolchain/arm/arm-gnu-toolchain/bin/../lib/gcc/arm-none-eabi/6.3.1/../../../../arm-none-eabi/lib/thumb/v7-m\libc.a(lib_a-__call_atexit.o)
 .ARM.attributes
                0x000004a9       0x2d c:/program files (x86)/atmel/studio/7.0/toolchain/arm/arm-gnu-toolchain/bin/../lib/gcc/arm-none-eabi/6.3.1/../../../../arm-none-eabi/lib/thumb/v7-m\libc.a(lib_a-atexit.o)
 .ARM.attributes
                0x000004d6       0x2d c:/program files (x86)/atmel/studio/7.0/toolchain/arm/arm-gnu-toolchain/bin/../lib/gcc/arm-none-eabi/6.3.1/../../../../arm-none-eabi/lib/thumb/v7-m\libc.a(lib_a-fini.o)
 .ARM.attributes
                0x00000503       0x2d c:/program files (x86)/atmel/studio/7.0/toolchain/arm/arm-gnu-toolchain/bin/../lib/gcc/arm-none-eabi/6.3.1/../../../../arm-none-eabi/lib/thumb/v7-m\libc.a(lib_a-lock.o)
 .ARM.attributes
                0x00000530       0x2d c:/program files (x86)/atmel/studio/7.0/toolchain/arm/arm-gnu-toolchain/bin/../lib/gcc/arm-none-eabi/6.3.1/../../../../arm-none-eabi/lib/thumb/v7-m\libc.a(lib_a-__atexit.o)
 .ARM.attributes
                0x0000055d       0x1d c:/program files (x86)/atmel/studio/7.0/toolchain/arm/arm-gnu-toolchain/bin/../lib/gcc/arm-none-eabi/6.3.1/thumb/v7-m/crtn.o

.comment        0x00000000       0x59
 .comment       0x00000000       0x59 src/ASF/common/services/delay/sam/cycle_counter.o
                                 0x5a (size before relaxing)
 .comment       0x00000059       0x5a src/ASF/sam/drivers/uart/uart.o
 .comment       0x00000059       0x5a src/ASF/thirdparty/freertos/freertos-7.3.0/source/list.o
 .comment       0x00000059       0x5a src/ASF/thirdparty/freertos/freertos-7.3.0/source/portable/gcc/sam/port.o
 .comment       0x00000059       0x5a src/ASF/thirdparty/freertos/freertos-7.3.0/source/portable/memmang/heap_4.o
 .comment       0x00000059       0x5a src/ASF/thirdparty/freertos/freertos-7.3.0/source/queue.o
 .comment       0x00000059       0x5a src/ASF/thirdparty/freertos/freertos-7.3.0/source/tasks.o
 .comment       0x00000059       0x5a src/ASF/thirdparty/freertos/freertos-7.3.0/source/timers.o
 .comment       0x00000059       0x5a src/ASF/common/services/clock/sam3x/sysclk.o
 .comment       0x00000059       0x5a src/ASF/sam/boards/arduino_due_x/init.o
 .comment       0x00000059       0x5a src/ASF/sam/drivers/pio/pio.o
 .comment       0x00000059       0x5a src/ASF/sam/drivers/pio/pio_handler.o
 .comment       0x00000059       0x5a src/ASF/sam/drivers/pmc/pmc.o
 .comment       0x00000059       0x5a src/ASF/sam/utils/cmsis/sam3x/source/templates/exceptions.o
 .comment       0x00000059       0x5a src/ASF/sam/utils/cmsis/sam3x/source/templates/gcc/startup_sam3x.o
 .comment       0x00000059       0x5a src/ASF/sam/utils/cmsis/sam3x/source/templates/system_sam3x.o
 .comment       0x00000059       0x5a src/main.o

.debug_info     0x00000000    0x1483d
 .debug_info    0x00000000      0xa45 src/ASF/common/services/delay/sam/cycle_counter.o
 .debug_info    0x00000a45     0x119c src/ASF/sam/drivers/uart/uart.o
 .debug_info    0x00001be1      0xbbd src/ASF/thirdparty/freertos/freertos-7.3.0/source/list.o
 .debug_info    0x0000279e      0xcbd src/ASF/thirdparty/freertos/freertos-7.3.0/source/portable/gcc/sam/port.o
 .debug_info    0x0000345b      0xcc6 src/ASF/thirdparty/freertos/freertos-7.3.0/source/portable/memmang/heap_4.o
 .debug_info    0x00004121     0x1b63 src/ASF/thirdparty/freertos/freertos-7.3.0/source/queue.o
 .debug_info    0x00005c84     0x243f src/ASF/thirdparty/freertos/freertos-7.3.0/source/tasks.o
 .debug_info    0x000080c3      0xcb5 src/ASF/thirdparty/freertos/freertos-7.3.0/source/timers.o
 .debug_info    0x00008d78     0x11ad src/ASF/common/services/clock/sam3x/sysclk.o
 .debug_info    0x00009f25     0x108a src/ASF/sam/boards/arduino_due_x/init.o
 .debug_info    0x0000afaf     0x1c61 src/ASF/sam/drivers/pio/pio.o
 .debug_info    0x0000cc10     0x17f6 src/ASF/sam/drivers/pio/pio_handler.o
 .debug_info    0x0000e406     0x19eb src/ASF/sam/drivers/pmc/pmc.o
 .debug_info    0x0000fdf1      0xa39 src/ASF/sam/utils/cmsis/sam3x/source/templates/exceptions.o
 .debug_info    0x0001082a      0xd1b src/ASF/sam/utils/cmsis/sam3x/source/templates/gcc/startup_sam3x.o
 .debug_info    0x00011545      0xdc2 src/ASF/sam/utils/cmsis/sam3x/source/templates/system_sam3x.o
 .debug_info    0x00012307     0x2536 src/main.o

.debug_abbrev   0x00000000     0x2fbd
 .debug_abbrev  0x00000000      0x1b3 src/ASF/common/services/delay/sam/cycle_counter.o
 .debug_abbrev  0x000001b3      0x288 src/ASF/sam/drivers/uart/uart.o
 .debug_abbrev  0x0000043b      0x221 src/ASF/thirdparty/freertos/freertos-7.3.0/source/list.o
 .debug_abbrev  0x0000065c      0x340 src/ASF/thirdparty/freertos/freertos-7.3.0/source/portable/gcc/sam/port.o
 .debug_abbrev  0x0000099c      0x345 src/ASF/thirdparty/freertos/freertos-7.3.0/source/portable/memmang/heap_4.o
 .debug_abbrev  0x00000ce1      0x359 src/ASF/thirdparty/freertos/freertos-7.3.0/source/queue.o
 .debug_abbrev  0x0000103a      0x3a8 src/ASF/thirdparty/freertos/freertos-7.3.0/source/tasks.o
 .debug_abbrev  0x000013e2      0x28a src/ASF/thirdparty/freertos/freertos-7.3.0/source/timers.o
 .debug_abbrev  0x0000166c      0x330 src/ASF/common/services/clock/sam3x/sysclk.o
 .debug_abbrev  0x0000199c      0x262 src/ASF/sam/boards/arduino_due_x/init.o
 .debug_abbrev  0x00001bfe      0x3c7 src/ASF/sam/drivers/pio/pio.o
 .debug_abbrev  0x00001fc5      0x340 src/ASF/sam/drivers/pio/pio_handler.o
 .debug_abbrev  0x00002305      0x335 src/ASF/sam/drivers/pmc/pmc.o
 .debug_abbrev  0x0000263a      0x1a4 src/ASF/sam/utils/cmsis/sam3x/source/templates/exceptions.o
 .debug_abbrev  0x000027de      0x1f2 src/ASF/sam/utils/cmsis/sam3x/source/templates/gcc/startup_sam3x.o
 .debug_abbrev  0x000029d0      0x1f4 src/ASF/sam/utils/cmsis/sam3x/source/templates/system_sam3x.o
 .debug_abbrev  0x00002bc4      0x3f9 src/main.o

.debug_aranges  0x00000000      0x938
 .debug_aranges
                0x00000000       0x20 src/ASF/common/services/delay/sam/cycle_counter.o
 .debug_aranges
                0x00000020       0xe8 src/ASF/sam/drivers/uart/uart.o
 .debug_aranges
                0x00000108       0x40 src/ASF/thirdparty/freertos/freertos-7.3.0/source/list.o
 .debug_aranges
                0x00000148       0x80 src/ASF/thirdparty/freertos/freertos-7.3.0/source/portable/gcc/sam/port.o
 .debug_aranges
                0x000001c8       0x48 src/ASF/thirdparty/freertos/freertos-7.3.0/source/portable/memmang/heap_4.o
 .debug_aranges
                0x00000210       0xd0 src/ASF/thirdparty/freertos/freertos-7.3.0/source/queue.o
 .debug_aranges
                0x000002e0      0x130 src/ASF/thirdparty/freertos/freertos-7.3.0/source/tasks.o
 .debug_aranges
                0x00000410       0x60 src/ASF/thirdparty/freertos/freertos-7.3.0/source/timers.o
 .debug_aranges
                0x00000470       0x40 src/ASF/common/services/clock/sam3x/sysclk.o
 .debug_aranges
                0x000004b0       0x20 src/ASF/sam/boards/arduino_due_x/init.o
 .debug_aranges
                0x000004d0      0x148 src/ASF/sam/drivers/pio/pio.o
 .debug_aranges
                0x00000618       0x58 src/ASF/sam/drivers/pio/pio_handler.o
 .debug_aranges
                0x00000670      0x200 src/ASF/sam/drivers/pmc/pmc.o
 .debug_aranges
                0x00000870       0x20 src/ASF/sam/utils/cmsis/sam3x/source/templates/exceptions.o
 .debug_aranges
                0x00000890       0x20 src/ASF/sam/utils/cmsis/sam3x/source/templates/gcc/startup_sam3x.o
 .debug_aranges
                0x000008b0       0x30 src/ASF/sam/utils/cmsis/sam3x/source/templates/system_sam3x.o
 .debug_aranges
                0x000008e0       0x58 src/main.o

.debug_ranges   0x00000000      0xa50
 .debug_ranges  0x00000000       0x10 src/ASF/common/services/delay/sam/cycle_counter.o
 .debug_ranges  0x00000010       0xd8 src/ASF/sam/drivers/uart/uart.o
 .debug_ranges  0x000000e8       0x30 src/ASF/thirdparty/freertos/freertos-7.3.0/source/list.o
 .debug_ranges  0x00000118       0x70 src/ASF/thirdparty/freertos/freertos-7.3.0/source/portable/gcc/sam/port.o
 .debug_ranges  0x00000188       0x38 src/ASF/thirdparty/freertos/freertos-7.3.0/source/portable/memmang/heap_4.o
 .debug_ranges  0x000001c0       0xd8 src/ASF/thirdparty/freertos/freertos-7.3.0/source/queue.o
 .debug_ranges  0x00000298      0x1d0 src/ASF/thirdparty/freertos/freertos-7.3.0/source/tasks.o
 .debug_ranges  0x00000468       0xc0 src/ASF/thirdparty/freertos/freertos-7.3.0/source/timers.o
 .debug_ranges  0x00000528       0x30 src/ASF/common/services/clock/sam3x/sysclk.o
 .debug_ranges  0x00000558       0x10 src/ASF/sam/boards/arduino_due_x/init.o
 .debug_ranges  0x00000568      0x150 src/ASF/sam/drivers/pio/pio.o
 .debug_ranges  0x000006b8       0x60 src/ASF/sam/drivers/pio/pio_handler.o
 .debug_ranges  0x00000718      0x1f0 src/ASF/sam/drivers/pmc/pmc.o
 .debug_ranges  0x00000908       0x10 src/ASF/sam/utils/cmsis/sam3x/source/templates/exceptions.o
 .debug_ranges  0x00000918       0x10 src/ASF/sam/utils/cmsis/sam3x/source/templates/gcc/startup_sam3x.o
 .debug_ranges  0x00000928       0x20 src/ASF/sam/utils/cmsis/sam3x/source/templates/system_sam3x.o
 .debug_ranges  0x00000948      0x108 src/main.o

.debug_macro    0x00000000    0x176fc
 .debug_macro   0x00000000      0x57d src/ASF/common/services/delay/sam/cycle_counter.o
 .debug_macro   0x0000057d      0x8d4 src/ASF/common/services/delay/sam/cycle_counter.o
 .debug_macro   0x00000e51      0x16d src/ASF/common/services/delay/sam/cycle_counter.o
 .debug_macro   0x00000fbe      0x71d src/ASF/common/services/delay/sam/cycle_counter.o
 .debug_macro   0x000016db       0x76 src/ASF/common/services/delay/sam/cycle_counter.o
 .debug_macro   0x00001751       0x16 src/ASF/common/services/delay/sam/cycle_counter.o
 .debug_macro   0x00001767      0x6da src/ASF/common/services/delay/sam/cycle_counter.o
 .debug_macro   0x00001e41       0x22 src/ASF/common/services/delay/sam/cycle_counter.o
 .debug_macro   0x00001e63       0x87 src/ASF/common/services/delay/sam/cycle_counter.o
 .debug_macro   0x00001eea       0x51 src/ASF/common/services/delay/sam/cycle_counter.o
 .debug_macro   0x00001f3b       0xef src/ASF/common/services/delay/sam/cycle_counter.o
 .debug_macro   0x0000202a       0x6a src/ASF/common/services/delay/sam/cycle_counter.o
 .debug_macro   0x00002094      0x1df src/ASF/common/services/delay/sam/cycle_counter.o
 .debug_macro   0x00002273       0x20 src/ASF/common/services/delay/sam/cycle_counter.o
 .debug_macro   0x00002293       0x1c src/ASF/common/services/delay/sam/cycle_counter.o
 .debug_macro   0x000022af       0x22 src/ASF/common/services/delay/sam/cycle_counter.o
 .debug_macro   0x000022d1       0xc3 src/ASF/common/services/delay/sam/cycle_counter.o
 .debug_macro   0x00002394      0xe49 src/ASF/common/services/delay/sam/cycle_counter.o
 .debug_macro   0x000031dd      0x11f src/ASF/common/services/delay/sam/cycle_counter.o
 .debug_macro   0x000032fc      0xaac src/ASF/common/services/delay/sam/cycle_counter.o
 .debug_macro   0x00003da8      0x55f src/ASF/common/services/delay/sam/cycle_counter.o
 .debug_macro   0x00004307      0x2ab src/ASF/common/services/delay/sam/cycle_counter.o
 .debug_macro   0x000045b2      0x310 src/ASF/common/services/delay/sam/cycle_counter.o
 .debug_macro   0x000048c2      0x746 src/ASF/common/services/delay/sam/cycle_counter.o
 .debug_macro   0x00005008       0x82 src/ASF/common/services/delay/sam/cycle_counter.o
 .debug_macro   0x0000508a      0x571 src/ASF/common/services/delay/sam/cycle_counter.o
 .debug_macro   0x000055fb       0x1c src/ASF/common/services/delay/sam/cycle_counter.o
 .debug_macro   0x00005617      0x6ae src/ASF/common/services/delay/sam/cycle_counter.o
 .debug_macro   0x00005cc5      0x523 src/ASF/common/services/delay/sam/cycle_counter.o
 .debug_macro   0x000061e8       0xbe src/ASF/common/services/delay/sam/cycle_counter.o
 .debug_macro   0x000062a6     0x2338 src/ASF/common/services/delay/sam/cycle_counter.o
 .debug_macro   0x000085de      0x853 src/ASF/common/services/delay/sam/cycle_counter.o
 .debug_macro   0x00008e31      0xdbf src/ASF/common/services/delay/sam/cycle_counter.o
 .debug_macro   0x00009bf0       0x7c src/ASF/common/services/delay/sam/cycle_counter.o
 .debug_macro   0x00009c6c      0x25a src/ASF/common/services/delay/sam/cycle_counter.o
 .debug_macro   0x00009ec6       0x58 src/ASF/common/services/delay/sam/cycle_counter.o
 .debug_macro   0x00009f1e      0x99e src/ASF/common/services/delay/sam/cycle_counter.o
 .debug_macro   0x0000a8bc      0x240 src/ASF/common/services/delay/sam/cycle_counter.o
 .debug_macro   0x0000aafc      0x4d5 src/ASF/common/services/delay/sam/cycle_counter.o
 .debug_macro   0x0000afd1      0x6a9 src/ASF/common/services/delay/sam/cycle_counter.o
 .debug_macro   0x0000b67a      0x595 src/ASF/common/services/delay/sam/cycle_counter.o
 .debug_macro   0x0000bc0f       0x46 src/ASF/common/services/delay/sam/cycle_counter.o
 .debug_macro   0x0000bc55      0x344 src/ASF/common/services/delay/sam/cycle_counter.o
 .debug_macro   0x0000bf99      0x283 src/ASF/common/services/delay/sam/cycle_counter.o
 .debug_macro   0x0000c21c     0x14d7 src/ASF/common/services/delay/sam/cycle_counter.o
 .debug_macro   0x0000d6f3      0x7b0 src/ASF/common/services/delay/sam/cycle_counter.o
 .debug_macro   0x0000dea3       0x76 src/ASF/common/services/delay/sam/cycle_counter.o
 .debug_macro   0x0000df19       0x82 src/ASF/common/services/delay/sam/cycle_counter.o
 .debug_macro   0x0000df9b       0x76 src/ASF/common/services/delay/sam/cycle_counter.o
 .debug_macro   0x0000e011       0x4c src/ASF/common/services/delay/sam/cycle_counter.o
 .debug_macro   0x0000e05d      0x100 src/ASF/common/services/delay/sam/cycle_counter.o
 .debug_macro   0x0000e15d      0x100 src/ASF/common/services/delay/sam/cycle_counter.o
 .debug_macro   0x0000e25d      0x100 src/ASF/common/services/delay/sam/cycle_counter.o
 .debug_macro   0x0000e35d       0x88 src/ASF/common/services/delay/sam/cycle_counter.o
 .debug_macro   0x0000e3e5       0x88 src/ASF/common/services/delay/sam/cycle_counter.o
 .debug_macro   0x0000e46d      0x3b4 src/ASF/common/services/delay/sam/cycle_counter.o
 .debug_macro   0x0000e821       0xb8 src/ASF/common/services/delay/sam/cycle_counter.o
 .debug_macro   0x0000e8d9       0xb8 src/ASF/common/services/delay/sam/cycle_counter.o
 .debug_macro   0x0000e991       0xb8 src/ASF/common/services/delay/sam/cycle_counter.o
 .debug_macro   0x0000ea49       0xb8 src/ASF/common/services/delay/sam/cycle_counter.o
 .debug_macro   0x0000eb01      0x2b8 src/ASF/common/services/delay/sam/cycle_counter.o
 .debug_macro   0x0000edb9      0x11b src/ASF/common/services/delay/sam/cycle_counter.o
 .debug_macro   0x0000eed4      0x21b src/ASF/common/services/delay/sam/cycle_counter.o
 .debug_macro   0x0000f0ef      0x21b src/ASF/common/services/delay/sam/cycle_counter.o
 .debug_macro   0x0000f30a       0x2e src/ASF/common/services/delay/sam/cycle_counter.o
 .debug_macro   0x0000f338       0xac src/ASF/common/services/delay/sam/cycle_counter.o
 .debug_macro   0x0000f3e4      0x143 src/ASF/common/services/delay/sam/cycle_counter.o
 .debug_macro   0x0000f527       0x7c src/ASF/common/services/delay/sam/cycle_counter.o
 .debug_macro   0x0000f5a3      0x1fb src/ASF/common/services/delay/sam/cycle_counter.o
 .debug_macro   0x0000f79e       0x64 src/ASF/common/services/delay/sam/cycle_counter.o
 .debug_macro   0x0000f802       0xa6 src/ASF/common/services/delay/sam/cycle_counter.o
 .debug_macro   0x0000f8a8       0x7c src/ASF/common/services/delay/sam/cycle_counter.o
 .debug_macro   0x0000f924       0x16 src/ASF/common/services/delay/sam/cycle_counter.o
 .debug_macro   0x0000f93a       0x22 src/ASF/common/services/delay/sam/cycle_counter.o
 .debug_macro   0x0000f95c       0x22 src/ASF/common/services/delay/sam/cycle_counter.o
 .debug_macro   0x0000f97e      0x10c src/ASF/common/services/delay/sam/cycle_counter.o
 .debug_macro   0x0000fa8a      0x10c src/ASF/common/services/delay/sam/cycle_counter.o
 .debug_macro   0x0000fb96      0x10c src/ASF/common/services/delay/sam/cycle_counter.o
 .debug_macro   0x0000fca2      0x10c src/ASF/common/services/delay/sam/cycle_counter.o
 .debug_macro   0x0000fdae       0x1c src/ASF/common/services/delay/sam/cycle_counter.o
 .debug_macro   0x0000fdca       0x2e src/ASF/common/services/delay/sam/cycle_counter.o
 .debug_macro   0x0000fdf8       0x22 src/ASF/common/services/delay/sam/cycle_counter.o
 .debug_macro   0x0000fe1a       0x1c src/ASF/common/services/delay/sam/cycle_counter.o
 .debug_macro   0x0000fe36       0x58 src/ASF/common/services/delay/sam/cycle_counter.o
 .debug_macro   0x0000fe8e       0x10 src/ASF/common/services/delay/sam/cycle_counter.o
 .debug_macro   0x0000fe9e      0x273 src/ASF/common/services/delay/sam/cycle_counter.o
 .debug_macro   0x00010111      0xd39 src/ASF/common/services/delay/sam/cycle_counter.o
 .debug_macro   0x00010e4a      0x131 src/ASF/common/services/delay/sam/cycle_counter.o
 .debug_macro   0x00010f7b       0x58 src/ASF/common/services/delay/sam/cycle_counter.o
 .debug_macro   0x00010fd3       0x35 src/ASF/common/services/delay/sam/cycle_counter.o
 .debug_macro   0x00011008       0x9c src/ASF/common/services/delay/sam/cycle_counter.o
 .debug_macro   0x000110a4       0x16 src/ASF/common/services/delay/sam/cycle_counter.o
 .debug_macro   0x000110ba       0x35 src/ASF/common/services/delay/sam/cycle_counter.o
 .debug_macro   0x000110ef      0x34d src/ASF/common/services/delay/sam/cycle_counter.o
 .debug_macro   0x0001143c       0x10 src/ASF/common/services/delay/sam/cycle_counter.o
 .debug_macro   0x0001144c       0x58 src/ASF/common/services/delay/sam/cycle_counter.o
 .debug_macro   0x000114a4       0x1f src/ASF/common/services/delay/sam/cycle_counter.o
 .debug_macro   0x000114c3       0x43 src/ASF/common/services/delay/sam/cycle_counter.o
 .debug_macro   0x00011506       0x20 src/ASF/common/services/delay/sam/cycle_counter.o
 .debug_macro   0x00011526      0x187 src/ASF/common/services/delay/sam/cycle_counter.o
 .debug_macro   0x000116ad       0x10 src/ASF/common/services/delay/sam/cycle_counter.o
 .debug_macro   0x000116bd       0x1c src/ASF/common/services/delay/sam/cycle_counter.o
 .debug_macro   0x000116d9       0x52 src/ASF/common/services/delay/sam/cycle_counter.o
 .debug_macro   0x0001172b       0x40 src/ASF/common/services/delay/sam/cycle_counter.o
 .debug_macro   0x0001176b       0x10 src/ASF/common/services/delay/sam/cycle_counter.o
 .debug_macro   0x0001177b       0x40 src/ASF/common/services/delay/sam/cycle_counter.o
 .debug_macro   0x000117bb       0xd7 src/ASF/common/services/delay/sam/cycle_counter.o
 .debug_macro   0x00011892       0x16 src/ASF/common/services/delay/sam/cycle_counter.o
 .debug_macro   0x000118a8      0x18b src/ASF/common/services/delay/sam/cycle_counter.o
 .debug_macro   0x00011a33       0x22 src/ASF/common/services/delay/sam/cycle_counter.o
 .debug_macro   0x00011a55       0x16 src/ASF/common/services/delay/sam/cycle_counter.o
 .debug_macro   0x00011a6b       0x16 src/ASF/common/services/delay/sam/cycle_counter.o
 .debug_macro   0x00011a81       0x29 src/ASF/common/services/delay/sam/cycle_counter.o
 .debug_macro   0x00011aaa       0x73 src/ASF/common/services/delay/sam/cycle_counter.o
 .debug_macro   0x00011b1d       0x44 src/ASF/common/services/delay/sam/cycle_counter.o
 .debug_macro   0x00011b61      0x3ca src/ASF/common/services/delay/sam/cycle_counter.o
 .debug_macro   0x00011f2b       0x22 src/ASF/common/services/delay/sam/cycle_counter.o
 .debug_macro   0x00011f4d      0x57d src/ASF/sam/drivers/uart/uart.o
 .debug_macro   0x000124ca       0x16 src/ASF/sam/drivers/uart/uart.o
 .debug_macro   0x000124e0      0x17f src/ASF/thirdparty/freertos/freertos-7.3.0/source/list.o
 .debug_macro   0x0001265f      0x10e src/ASF/thirdparty/freertos/freertos-7.3.0/source/list.o
 .debug_macro   0x0001276d       0x86 src/ASF/thirdparty/freertos/freertos-7.3.0/source/list.o
 .debug_macro   0x000127f3       0xf9 src/ASF/thirdparty/freertos/freertos-7.3.0/source/list.o
 .debug_macro   0x000128ec      0x6bf src/ASF/thirdparty/freertos/freertos-7.3.0/source/portable/gcc/sam/port.o
 .debug_macro   0x00012fab       0x26 src/ASF/thirdparty/freertos/freertos-7.3.0/source/portable/gcc/sam/port.o
 .debug_macro   0x00012fd1      0x2d9 src/ASF/thirdparty/freertos/freertos-7.3.0/source/portable/gcc/sam/port.o
 .debug_macro   0x000132aa      0x1a0 src/ASF/thirdparty/freertos/freertos-7.3.0/source/portable/memmang/heap_4.o
 .debug_macro   0x0001344a      0x228 src/ASF/thirdparty/freertos/freertos-7.3.0/source/queue.o
 .debug_macro   0x00013672       0x16 src/ASF/thirdparty/freertos/freertos-7.3.0/source/queue.o
 .debug_macro   0x00013688      0x2ee src/ASF/thirdparty/freertos/freertos-7.3.0/source/tasks.o
 .debug_macro   0x00013976       0x97 src/ASF/thirdparty/freertos/freertos-7.3.0/source/tasks.o
 .debug_macro   0x00013a0d       0xf6 src/ASF/thirdparty/freertos/freertos-7.3.0/source/tasks.o
 .debug_macro   0x00013b03       0x5b src/ASF/thirdparty/freertos/freertos-7.3.0/source/tasks.o
 .debug_macro   0x00013b5e       0x16 src/ASF/thirdparty/freertos/freertos-7.3.0/source/tasks.o
 .debug_macro   0x00013b74      0x102 src/ASF/thirdparty/freertos/freertos-7.3.0/source/timers.o
 .debug_macro   0x00013c76       0x96 src/ASF/thirdparty/freertos/freertos-7.3.0/source/timers.o
 .debug_macro   0x00013d0c      0x5f1 src/ASF/common/services/clock/sam3x/sysclk.o
 .debug_macro   0x000142fd      0x636 src/ASF/sam/boards/arduino_due_x/init.o
 .debug_macro   0x00014933       0x16 src/ASF/sam/boards/arduino_due_x/init.o
 .debug_macro   0x00014949       0x94 src/ASF/sam/boards/arduino_due_x/init.o
 .debug_macro   0x000149dd       0x40 src/ASF/sam/boards/arduino_due_x/init.o
 .debug_macro   0x00014a1d       0x6a src/ASF/sam/boards/arduino_due_x/init.o
 .debug_macro   0x00014a87      0x589 src/ASF/sam/drivers/pio/pio.o
 .debug_macro   0x00015010       0x8e src/ASF/sam/drivers/pio/pio.o
 .debug_macro   0x0001509e      0x58d src/ASF/sam/drivers/pio/pio_handler.o
 .debug_macro   0x0001562b      0x583 src/ASF/sam/drivers/pmc/pmc.o
 .debug_macro   0x00015bae       0x58 src/ASF/sam/drivers/pmc/pmc.o
 .debug_macro   0x00015c06      0x582 src/ASF/sam/utils/cmsis/sam3x/source/templates/exceptions.o
 .debug_macro   0x00016188      0x590 src/ASF/sam/utils/cmsis/sam3x/source/templates/gcc/startup_sam3x.o
 .debug_macro   0x00016718      0x590 src/ASF/sam/utils/cmsis/sam3x/source/templates/system_sam3x.o
 .debug_macro   0x00016ca8      0x784 src/main.o
 .debug_macro   0x0001742c       0x28 src/main.o
 .debug_macro   0x00017454       0x22 src/main.o
 .debug_macro   0x00017476       0xff src/main.o
 .debug_macro   0x00017575       0x43 src/main.o
 .debug_macro   0x000175b8       0x77 src/main.o
 .debug_macro   0x0001762f       0x5d src/main.o
 .debug_macro   0x0001768c       0x70 src/main.o

.debug_line     0x00000000     0xc2d5
 .debug_line    0x00000000      0xb70 src/ASF/common/services/delay/sam/cycle_counter.o
 .debug_line    0x00000b70      0xd1d src/ASF/sam/drivers/uart/uart.o
 .debug_line    0x0000188d      0x467 src/ASF/thirdparty/freertos/freertos-7.3.0/source/list.o
 .debug_line    0x00001cf4      0xe5e src/ASF/thirdparty/freertos/freertos-7.3.0/source/portable/gcc/sam/port.o
 .debug_line    0x00002b52      0x4d5 src/ASF/thirdparty/freertos/freertos-7.3.0/source/portable/memmang/heap_4.o
 .debug_line    0x00003027      0x80b src/ASF/thirdparty/freertos/freertos-7.3.0/source/queue.o
 .debug_line    0x00003832      0xaff src/ASF/thirdparty/freertos/freertos-7.3.0/source/tasks.o
 .debug_line    0x00004331      0x4f3 src/ASF/thirdparty/freertos/freertos-7.3.0/source/timers.o
 .debug_line    0x00004824      0xcdc src/ASF/common/services/clock/sam3x/sysclk.o
 .debug_line    0x00005500      0xd6f src/ASF/sam/boards/arduino_due_x/init.o
 .debug_line    0x0000626f      0xeeb src/ASF/sam/drivers/pio/pio.o
 .debug_line    0x0000715a      0xc3b src/ASF/sam/drivers/pio/pio_handler.o
 .debug_line    0x00007d95     0x10e4 src/ASF/sam/drivers/pmc/pmc.o
 .debug_line    0x00008e79      0xb45 src/ASF/sam/utils/cmsis/sam3x/source/templates/exceptions.o
 .debug_line    0x000099be      0xb8e src/ASF/sam/utils/cmsis/sam3x/source/templates/gcc/startup_sam3x.o
 .debug_line    0x0000a54c      0xbc0 src/ASF/sam/utils/cmsis/sam3x/source/templates/system_sam3x.o
 .debug_line    0x0000b10c     0x11c9 src/main.o

.debug_str      0x00000000    0x6b162
 .debug_str     0x00000000    0x5edc5 src/ASF/common/services/delay/sam/cycle_counter.o
                              0x5f157 (size before relaxing)
 .debug_str     0x0005edc5      0x3f7 src/ASF/sam/drivers/uart/uart.o
                              0x5f3a8 (size before relaxing)
 .debug_str     0x0005f1bc     0x1b8d src/ASF/thirdparty/freertos/freertos-7.3.0/source/list.o
                               0x80c7 (size before relaxing)
 .debug_str     0x00060d49     0x45f4 src/ASF/thirdparty/freertos/freertos-7.3.0/source/portable/gcc/sam/port.o
                              0x64fea (size before relaxing)
 .debug_str     0x0006533d      0x27c src/ASF/thirdparty/freertos/freertos-7.3.0/source/portable/memmang/heap_4.o
                               0x8517 (size before relaxing)
 .debug_str     0x000655b9      0x8e3 src/ASF/thirdparty/freertos/freertos-7.3.0/source/queue.o
                               0x8d56 (size before relaxing)
 .debug_str     0x00065e9c     0x1380 src/ASF/thirdparty/freertos/freertos-7.3.0/source/tasks.o
                               0xab62 (size before relaxing)
 .debug_str     0x0006721c      0xae8 src/ASF/thirdparty/freertos/freertos-7.3.0/source/timers.o
                               0x68ef (size before relaxing)
 .debug_str     0x00067d04      0x38e src/ASF/common/services/clock/sam3x/sysclk.o
                              0x63104 (size before relaxing)
 .debug_str     0x00068092      0xaa9 src/ASF/sam/boards/arduino_due_x/init.o
                              0x637e6 (size before relaxing)
 .debug_str     0x00068b3b      0x408 src/ASF/sam/drivers/pio/pio.o
                              0x5f987 (size before relaxing)
 .debug_str     0x00068f43      0x42d src/ASF/sam/drivers/pio/pio_handler.o
                              0x5fa94 (size before relaxing)
 .debug_str     0x00069370      0x56e src/ASF/sam/drivers/pmc/pmc.o
                              0x5f9f1 (size before relaxing)
 .debug_str     0x000698de       0x4d src/ASF/sam/utils/cmsis/sam3x/source/templates/exceptions.o
                              0x5effc (size before relaxing)
 .debug_str     0x0006992b       0xf1 src/ASF/sam/utils/cmsis/sam3x/source/templates/gcc/startup_sam3x.o
                              0x5f110 (size before relaxing)
 .debug_str     0x00069a1c      0x195 src/ASF/sam/utils/cmsis/sam3x/source/templates/system_sam3x.o
                              0x5f2d4 (size before relaxing)
 .debug_str     0x00069bb1     0x15b1 src/main.o
                              0x67ca3 (size before relaxing)

.debug_frame    0x00000000     0x1768
 .debug_frame   0x00000000       0x20 src/ASF/common/services/delay/sam/cycle_counter.o
 .debug_frame   0x00000020      0x1bc src/ASF/sam/drivers/uart/uart.o
 .debug_frame   0x000001dc       0x6c src/ASF/thirdparty/freertos/freertos-7.3.0/source/list.o
 .debug_frame   0x00000248      0x100 src/ASF/thirdparty/freertos/freertos-7.3.0/source/portable/gcc/sam/port.o
 .debug_frame   0x00000348       0x94 src/ASF/thirdparty/freertos/freertos-7.3.0/source/portable/memmang/heap_4.o
 .debug_frame   0x000003dc      0x28c src/ASF/thirdparty/freertos/freertos-7.3.0/source/queue.o
 .debug_frame   0x00000668      0x3d8 src/ASF/thirdparty/freertos/freertos-7.3.0/source/tasks.o
 .debug_frame   0x00000a40      0x120 src/ASF/thirdparty/freertos/freertos-7.3.0/source/timers.o
 .debug_frame   0x00000b60       0x88 src/ASF/common/services/clock/sam3x/sysclk.o
 .debug_frame   0x00000be8       0x28 src/ASF/sam/boards/arduino_due_x/init.o
 .debug_frame   0x00000c10      0x2b8 src/ASF/sam/drivers/pio/pio.o
 .debug_frame   0x00000ec8       0xf8 src/ASF/sam/drivers/pio/pio_handler.o
 .debug_frame   0x00000fc0      0x404 src/ASF/sam/drivers/pmc/pmc.o
 .debug_frame   0x000013c4       0x20 src/ASF/sam/utils/cmsis/sam3x/source/templates/exceptions.o
 .debug_frame   0x000013e4       0x28 src/ASF/sam/utils/cmsis/sam3x/source/templates/gcc/startup_sam3x.o
 .debug_frame   0x0000140c       0x40 src/ASF/sam/utils/cmsis/sam3x/source/templates/system_sam3x.o
 .debug_frame   0x0000144c       0xf4 src/main.o
 .debug_frame   0x00001540       0x2c c:/program files (x86)/atmel/studio/7.0/toolchain/arm/arm-gnu-toolchain/bin/../lib/gcc/arm-none-eabi/6.3.1/../../../../arm-none-eabi/lib/thumb/v7-m\libc.a(lib_a-init.o)
 .debug_frame   0x0000156c       0x34 c:/program files (x86)/atmel/studio/7.0/toolchain/arm/arm-gnu-toolchain/bin/../lib/gcc/arm-none-eabi/6.3.1/../../../../arm-none-eabi/lib/thumb/v7-m\libc.a(lib_a-memset.o)
 .debug_frame   0x000015a0       0x34 c:/program files (x86)/atmel/studio/7.0/toolchain/arm/arm-gnu-toolchain/bin/../lib/gcc/arm-none-eabi/6.3.1/../../../../arm-none-eabi/lib/thumb/v7-m\libc.a(lib_a-strncpy.o)
 .debug_frame   0x000015d4       0x5c c:/program files (x86)/atmel/studio/7.0/toolchain/arm/arm-gnu-toolchain/bin/../lib/gcc/arm-none-eabi/6.3.1/../../../../arm-none-eabi/lib/thumb/v7-m\libc.a(lib_a-__call_atexit.o)
 .debug_frame   0x00001630       0x20 c:/program files (x86)/atmel/studio/7.0/toolchain/arm/arm-gnu-toolchain/bin/../lib/gcc/arm-none-eabi/6.3.1/../../../../arm-none-eabi/lib/thumb/v7-m\libc.a(lib_a-atexit.o)
 .debug_frame   0x00001650       0x34 c:/program files (x86)/atmel/studio/7.0/toolchain/arm/arm-gnu-toolchain/bin/../lib/gcc/arm-none-eabi/6.3.1/../../../../arm-none-eabi/lib/thumb/v7-m\libc.a(lib_a-fini.o)
 .debug_frame   0x00001684       0xb0 c:/program files (x86)/atmel/studio/7.0/toolchain/arm/arm-gnu-toolchain/bin/../lib/gcc/arm-none-eabi/6.3.1/../../../../arm-none-eabi/lib/thumb/v7-m\libc.a(lib_a-lock.o)
 .debug_frame   0x00001734       0x34 c:/program files (x86)/atmel/studio/7.0/toolchain/arm/arm-gnu-toolchain/bin/../lib/gcc/arm-none-eabi/6.3.1/../../../../arm-none-eabi/lib/thumb/v7-m\libc.a(lib_a-__atexit.o)

.debug_loc      0x00000000     0x58d2
 .debug_loc     0x00000000      0x241 src/ASF/sam/drivers/uart/uart.o
 .debug_loc     0x00000241       0xa8 src/ASF/thirdparty/freertos/freertos-7.3.0/source/list.o
 .debug_loc     0x000002e9      0x100 src/ASF/thirdparty/freertos/freertos-7.3.0/source/portable/gcc/sam/port.o
 .debug_loc     0x000003e9      0x3ff src/ASF/thirdparty/freertos/freertos-7.3.0/source/portable/memmang/heap_4.o
 .debug_loc     0x000007e8     0x1183 src/ASF/thirdparty/freertos/freertos-7.3.0/source/queue.o
 .debug_loc     0x0000196b     0x14ba src/ASF/thirdparty/freertos/freertos-7.3.0/source/tasks.o
 .debug_loc     0x00002e25      0x9f1 src/ASF/thirdparty/freertos/freertos-7.3.0/source/timers.o
 .debug_loc     0x00003816      0x183 src/ASF/common/services/clock/sam3x/sysclk.o
 .debug_loc     0x00003999       0x70 src/ASF/sam/boards/arduino_due_x/init.o
 .debug_loc     0x00003a09      0xacc src/ASF/sam/drivers/pio/pio.o
 .debug_loc     0x000044d5      0x571 src/ASF/sam/drivers/pio/pio_handler.o
 .debug_loc     0x00004a46      0xa54 src/ASF/sam/drivers/pmc/pmc.o
 .debug_loc     0x0000549a       0x6b src/ASF/sam/utils/cmsis/sam3x/source/templates/gcc/startup_sam3x.o
 .debug_loc     0x00005505      0x3cd src/main.o

Cross Reference Table

Symbol                                            File
ADC_Handler                                       src/ASF/sam/utils/cmsis/sam3x/source/templates/exceptions.o
                                                  src/ASF/sam/utils/cmsis/sam3x/source/templates/gcc/startup_sam3x.o
BusFault_Handler                                  src/ASF/sam/utils/cmsis/sam3x/source/templates/exceptions.o
                                                  src/ASF/sam/utils/cmsis/sam3x/source/templates/gcc/startup_sam3x.o
CAN0_Handler                                      src/ASF/sam/utils/cmsis/sam3x/source/templates/exceptions.o
                                                  src/ASF/sam/utils/cmsis/sam3x/source/templates/gcc/startup_sam3x.o
CAN1_Handler                                      src/ASF/sam/utils/cmsis/sam3x/source/templates/exceptions.o
                                                  src/ASF/sam/utils/cmsis/sam3x/source/templates/gcc/startup_sam3x.o
DACC_Handler                                      src/ASF/sam/utils/cmsis/sam3x/source/templates/exceptions.o
                                                  src/ASF/sam/utils/cmsis/sam3x/source/templates/gcc/startup_sam3x.o
DMAC_Handler                                      src/ASF/sam/utils/cmsis/sam3x/source/templates/exceptions.o
                                                  src/ASF/sam/utils/cmsis/sam3x/source/templates/gcc/startup_sam3x.o
DebugMon_Handler                                  src/ASF/sam/utils/cmsis/sam3x/source/templates/exceptions.o
                                                  src/ASF/sam/utils/cmsis/sam3x/source/templates/gcc/startup_sam3x.o
Dummy_Handler                                     src/ASF/sam/utils/cmsis/sam3x/source/templates/exceptions.o
EFC0_Handler                                      src/ASF/sam/utils/cmsis/sam3x/source/templates/exceptions.o
                                                  src/ASF/sam/utils/cmsis/sam3x/source/templates/gcc/startup_sam3x.o
EFC1_Handler                                      src/ASF/sam/utils/cmsis/sam3x/source/templates/exceptions.o
                                                  src/ASF/sam/utils/cmsis/sam3x/source/templates/gcc/startup_sam3x.o
EMAC_Handler                                      src/ASF/sam/utils/cmsis/sam3x/source/templates/exceptions.o
                                                  src/ASF/sam/utils/cmsis/sam3x/source/templates/gcc/startup_sam3x.o
FreeRTOS_CLIGetOutputBuffer                       src/ASF/thirdparty/freertos/freertos-7.3.0/source/FreeRTOS_CLI.o
FreeRTOS_CLIGetParameter                          src/ASF/thirdparty/freertos/freertos-7.3.0/source/FreeRTOS_CLI.o
FreeRTOS_CLIProcessCommand                        src/ASF/thirdparty/freertos/freertos-7.3.0/source/FreeRTOS_CLI.o
FreeRTOS_CLIRegisterCommand                       src/ASF/thirdparty/freertos/freertos-7.3.0/source/FreeRTOS_CLI.o
HSMCI_Handler                                     src/ASF/sam/utils/cmsis/sam3x/source/templates/exceptions.o
                                                  src/ASF/sam/utils/cmsis/sam3x/source/templates/gcc/startup_sam3x.o
HardFault_Handler                                 src/ASF/sam/utils/cmsis/sam3x/source/templates/exceptions.o
                                                  src/ASF/sam/utils/cmsis/sam3x/source/templates/gcc/startup_sam3x.o
MemManage_Handler                                 src/ASF/sam/utils/cmsis/sam3x/source/templates/exceptions.o
                                                  src/ASF/sam/utils/cmsis/sam3x/source/templates/gcc/startup_sam3x.o
NMI_Handler                                       src/ASF/sam/utils/cmsis/sam3x/source/templates/exceptions.o
                                                  src/ASF/sam/utils/cmsis/sam3x/source/templates/gcc/startup_sam3x.o
PIOA_Handler                                      src/ASF/sam/drivers/pio/pio_handler.o
                                                  src/ASF/sam/utils/cmsis/sam3x/source/templates/gcc/startup_sam3x.o
PIOB_Handler                                      src/ASF/sam/drivers/pio/pio_handler.o
                                                  src/ASF/sam/utils/cmsis/sam3x/source/templates/gcc/startup_sam3x.o
PIOC_Handler                                      src/ASF/sam/drivers/pio/pio_handler.o
                                                  src/ASF/sam/utils/cmsis/sam3x/source/templates/gcc/startup_sam3x.o
PIOD_Handler                                      src/ASF/sam/drivers/pio/pio_handler.o
                                                  src/ASF/sam/utils/cmsis/sam3x/source/templates/gcc/startup_sam3x.o
PMC_Handler                                       src/ASF/sam/utils/cmsis/sam3x/source/templates/exceptions.o
                                                  src/ASF/sam/utils/cmsis/sam3x/source/templates/gcc/startup_sam3x.o
PWM_Handler                                       src/ASF/sam/utils/cmsis/sam3x/source/templates/exceptions.o
                                                  src/ASF/sam/utils/cmsis/sam3x/source/templates/gcc/startup_sam3x.o
PendSV_Handler                                    src/ASF/thirdparty/freertos/freertos-7.3.0/source/portable/gcc/sam/port.o
                                                  src/ASF/sam/utils/cmsis/sam3x/source/templates/gcc/startup_sam3x.o
Queue_id                                          src/main.o
RSTC_Handler                                      src/ASF/sam/utils/cmsis/sam3x/source/templates/exceptions.o
                                                  src/ASF/sam/utils/cmsis/sam3x/source/templates/gcc/startup_sam3x.o
RTC_Handler                                       src/ASF/sam/utils/cmsis/sam3x/source/templates/exceptions.o
                                                  src/ASF/sam/utils/cmsis/sam3x/source/templates/gcc/startup_sam3x.o
RTT_Handler                                       src/ASF/sam/utils/cmsis/sam3x/source/templates/exceptions.o
                                                  src/ASF/sam/utils/cmsis/sam3x/source/templates/gcc/startup_sam3x.o
Reset_Handler                                     src/ASF/sam/utils/cmsis/sam3x/source/templates/gcc/startup_sam3x.o
SMC_Handler                                       src/ASF/sam/utils/cmsis/sam3x/source/templates/exceptions.o
                                                  src/ASF/sam/utils/cmsis/sam3x/source/templates/gcc/startup_sam3x.o
SPI0_Handler                                      src/ASF/sam/utils/cmsis/sam3x/source/templates/exceptions.o
                                                  src/ASF/sam/utils/cmsis/sam3x/source/templates/gcc/startup_sam3x.o
SSC_Handler                                       src/ASF/sam/utils/cmsis/sam3x/source/templates/exceptions.o
                                                  src/ASF/sam/utils/cmsis/sam3x/source/templates/gcc/startup_sam3x.o
SUPC_Handler                                      src/ASF/sam/utils/cmsis/sam3x/source/templates/exceptions.o
                                                  src/ASF/sam/utils/cmsis/sam3x/source/templates/gcc/startup_sam3x.o
SVC_Handler                                       src/ASF/thirdparty/freertos/freertos-7.3.0/source/portable/gcc/sam/port.o
                                                  src/ASF/sam/utils/cmsis/sam3x/source/templates/gcc/startup_sam3x.o
SysTick_Handler                                   src/ASF/thirdparty/freertos/freertos-7.3.0/source/portable/gcc/sam/port.o
                                                  src/ASF/sam/utils/cmsis/sam3x/source/templates/gcc/startup_sam3x.o
SystemCoreClock                                   src/ASF/sam/utils/cmsis/sam3x/source/templates/system_sam3x.o
SystemCoreClockUpdate                             src/ASF/sam/utils/cmsis/sam3x/source/templates/system_sam3x.o
                                                  src/ASF/common/services/clock/sam3x/sysclk.o
SystemInit                                        src/ASF/sam/utils/cmsis/sam3x/source/templates/system_sam3x.o
TC0_Handler                                       src/ASF/sam/utils/cmsis/sam3x/source/templates/exceptions.o
                                                  src/ASF/sam/utils/cmsis/sam3x/source/templates/gcc/startup_sam3x.o
TC1_Handler                                       src/ASF/sam/utils/cmsis/sam3x/source/templates/exceptions.o
                                                  src/ASF/sam/utils/cmsis/sam3x/source/templates/gcc/startup_sam3x.o
TC2_Handler                                       src/ASF/sam/utils/cmsis/sam3x/source/templates/exceptions.o
                                                  src/ASF/sam/utils/cmsis/sam3x/source/templates/gcc/startup_sam3x.o
TC3_Handler                                       src/ASF/sam/utils/cmsis/sam3x/source/templates/exceptions.o
                                                  src/ASF/sam/utils/cmsis/sam3x/source/templates/gcc/startup_sam3x.o
TC4_Handler                                       src/ASF/sam/utils/cmsis/sam3x/source/templates/exceptions.o
                                                  src/ASF/sam/utils/cmsis/sam3x/source/templates/gcc/startup_sam3x.o
TC5_Handler                                       src/ASF/sam/utils/cmsis/sam3x/source/templates/exceptions.o
                                                  src/ASF/sam/utils/cmsis/sam3x/source/templates/gcc/startup_sam3x.o
TC6_Handler                                       src/ASF/sam/utils/cmsis/sam3x/source/templates/exceptions.o
                                                  src/ASF/sam/utils/cmsis/sam3x/source/templates/gcc/startup_sam3x.o
TC7_Handler                                       src/ASF/sam/utils/cmsis/sam3x/source/templates/exceptions.o
                                                  src/ASF/sam/utils/cmsis/sam3x/source/templates/gcc/startup_sam3x.o
TC8_Handler                                       src/ASF/sam/utils/cmsis/sam3x/source/templates/exceptions.o
                                                  src/ASF/sam/utils/cmsis/sam3x/source/templates/gcc/startup_sam3x.o
TRNG_Handler                                      src/ASF/sam/utils/cmsis/sam3x/source/templates/exceptions.o
                                                  src/ASF/sam/utils/cmsis/sam3x/source/templates/gcc/startup_sam3x.o
TWI0_Handler                                      src/ASF/sam/utils/cmsis/sam3x/source/templates/exceptions.o
                                                  src/ASF/sam/utils/cmsis/sam3x/source/templates/gcc/startup_sam3x.o
TWI1_Handler                                      src/ASF/sam/utils/cmsis/sam3x/source/templates/exceptions.o
                                                  src/ASF/sam/utils/cmsis/sam3x/source/templates/gcc/startup_sam3x.o
Timer_id                                          src/main.o
UART_Handler                                      src/ASF/sam/utils/cmsis/sam3x/source/templates/exceptions.o
                                                  src/ASF/sam/utils/cmsis/sam3x/source/templates/gcc/startup_sam3x.o
UOTGHS_Handler                                    src/ASF/sam/utils/cmsis/sam3x/source/templates/exceptions.o
                                                  src/ASF/sam/utils/cmsis/sam3x/source/templates/gcc/startup_sam3x.o
USART0_Handler                                    src/ASF/sam/utils/cmsis/sam3x/source/templates/exceptions.o
                                                  src/ASF/sam/utils/cmsis/sam3x/source/templates/gcc/startup_sam3x.o
USART1_Handler                                    src/ASF/sam/utils/cmsis/sam3x/source/templates/exceptions.o
                                                  src/ASF/sam/utils/cmsis/sam3x/source/templates/gcc/startup_sam3x.o
USART2_Handler                                    src/ASF/sam/utils/cmsis/sam3x/source/templates/exceptions.o
                                                  src/ASF/sam/utils/cmsis/sam3x/source/templates/gcc/startup_sam3x.o
USART3_Handler                                    src/ASF/sam/utils/cmsis/sam3x/source/templates/exceptions.o
                                                  src/ASF/sam/utils/cmsis/sam3x/source/templates/gcc/startup_sam3x.o
UsageFault_Handler                                src/ASF/sam/utils/cmsis/sam3x/source/templates/exceptions.o
                                                  src/ASF/sam/utils/cmsis/sam3x/source/templates/gcc/startup_sam3x.o
WDT_Handler                                       src/ASF/sam/utils/cmsis/sam3x/source/templates/exceptions.o
                                                  src/ASF/sam/utils/cmsis/sam3x/source/templates/gcc/startup_sam3x.o
_Balloc                                           c:/program files (x86)/atmel/studio/7.0/toolchain/arm/arm-gnu-toolchain/bin/../lib/gcc/arm-none-eabi/6.3.1/../../../../arm-none-eabi/lib/thumb/v7-m\libc.a(lib_a-mprec.o)
                                                  c:/program files (x86)/atmel/studio/7.0/toolchain/arm/arm-gnu-toolchain/bin/../lib/gcc/arm-none-eabi/6.3.1/../../../../arm-none-eabi/lib/thumb/v7-m\libc.a(lib_a-dtoa.o)
_Bfree                                            c:/program files (x86)/atmel/studio/7.0/toolchain/arm/arm-gnu-toolchain/bin/../lib/gcc/arm-none-eabi/6.3.1/../../../../arm-none-eabi/lib/thumb/v7-m\libc.a(lib_a-mprec.o)
                                                  c:/program files (x86)/atmel/studio/7.0/toolchain/arm/arm-gnu-toolchain/bin/../lib/gcc/arm-none-eabi/6.3.1/../../../../arm-none-eabi/lib/thumb/v7-m\libc.a(lib_a-dtoa.o)
_Jv_RegisterClasses                               c:/program files (x86)/atmel/studio/7.0/toolchain/arm/arm-gnu-toolchain/bin/../lib/gcc/arm-none-eabi/6.3.1/thumb/v7-m/crtbegin.o
_PathLocale                                       c:/program files (x86)/atmel/studio/7.0/toolchain/arm/arm-gnu-toolchain/bin/../lib/gcc/arm-none-eabi/6.3.1/../../../../arm-none-eabi/lib/thumb/v7-m\libc.a(lib_a-locale.o)
__adddf3                                          c:/program files (x86)/atmel/studio/7.0/toolchain/arm/arm-gnu-toolchain/bin/../lib/gcc/arm-none-eabi/6.3.1/thumb/v7-m\libgcc.a(_arm_addsubdf3.o)
__aeabi_cdcmpeq                                   c:/program files (x86)/atmel/studio/7.0/toolchain/arm/arm-gnu-toolchain/bin/../lib/gcc/arm-none-eabi/6.3.1/thumb/v7-m\libgcc.a(_arm_cmpdf2.o)
__aeabi_cdcmple                                   c:/program files (x86)/atmel/studio/7.0/toolchain/arm/arm-gnu-toolchain/bin/../lib/gcc/arm-none-eabi/6.3.1/thumb/v7-m\libgcc.a(_arm_cmpdf2.o)
__aeabi_cdrcmple                                  c:/program files (x86)/atmel/studio/7.0/toolchain/arm/arm-gnu-toolchain/bin/../lib/gcc/arm-none-eabi/6.3.1/thumb/v7-m\libgcc.a(_arm_cmpdf2.o)
__aeabi_d2iz                                      c:/program files (x86)/atmel/studio/7.0/toolchain/arm/arm-gnu-toolchain/bin/../lib/gcc/arm-none-eabi/6.3.1/thumb/v7-m\libgcc.a(_arm_fixdfsi.o)
                                                  c:/program files (x86)/atmel/studio/7.0/toolchain/arm/arm-gnu-toolchain/bin/../lib/gcc/arm-none-eabi/6.3.1/../../../../arm-none-eabi/lib/thumb/v7-m\libc.a(lib_a-dtoa.o)
__aeabi_dadd                                      c:/program files (x86)/atmel/studio/7.0/toolchain/arm/arm-gnu-toolchain/bin/../lib/gcc/arm-none-eabi/6.3.1/thumb/v7-m\libgcc.a(_arm_addsubdf3.o)
                                                  c:/program files (x86)/atmel/studio/7.0/toolchain/arm/arm-gnu-toolchain/bin/../lib/gcc/arm-none-eabi/6.3.1/../../../../arm-none-eabi/lib/thumb/v7-m\libc.a(lib_a-dtoa.o)
__aeabi_dcmpeq                                    c:/program files (x86)/atmel/studio/7.0/toolchain/arm/arm-gnu-toolchain/bin/../lib/gcc/arm-none-eabi/6.3.1/thumb/v7-m\libgcc.a(_arm_cmpdf2.o)
                                                  c:/program files (x86)/atmel/studio/7.0/toolchain/arm/arm-gnu-toolchain/bin/../lib/gcc/arm-none-eabi/6.3.1/../../../../arm-none-eabi/lib/thumb/v7-m\libc.a(lib_a-dtoa.o)
                                                  c:/program files (x86)/atmel/studio/7.0/toolchain/arm/arm-gnu-toolchain/bin/../lib/gcc/arm-none-eabi/6.3.1/../../../../arm-none-eabi/lib/thumb/v7-m\libc.a(lib_a-svfprintf.o)
__aeabi_dcmpge                                    c:/program files (x86)/atmel/studio/7.0/toolchain/arm/arm-gnu-toolchain/bin/../lib/gcc/arm-none-eabi/6.3.1/thumb/v7-m\libgcc.a(_arm_cmpdf2.o)
                                                  c:/program files (x86)/atmel/studio/7.0/toolchain/arm/arm-gnu-toolchain/bin/../lib/gcc/arm-none-eabi/6.3.1/../../../../arm-none-eabi/lib/thumb/v7-m\libc.a(lib_a-dtoa.o)
__aeabi_dcmpgt                                    c:/program files (x86)/atmel/studio/7.0/toolchain/arm/arm-gnu-toolchain/bin/../lib/gcc/arm-none-eabi/6.3.1/thumb/v7-m\libgcc.a(_arm_cmpdf2.o)
                                                  c:/program files (x86)/atmel/studio/7.0/toolchain/arm/arm-gnu-toolchain/bin/../lib/gcc/arm-none-eabi/6.3.1/../../../../arm-none-eabi/lib/thumb/v7-m\libc.a(lib_a-dtoa.o)
__aeabi_dcmple                                    c:/program files (x86)/atmel/studio/7.0/toolchain/arm/arm-gnu-toolchain/bin/../lib/gcc/arm-none-eabi/6.3.1/thumb/v7-m\libgcc.a(_arm_cmpdf2.o)
                                                  c:/program files (x86)/atmel/studio/7.0/toolchain/arm/arm-gnu-toolchain/bin/../lib/gcc/arm-none-eabi/6.3.1/../../../../arm-none-eabi/lib/thumb/v7-m\libc.a(lib_a-svfprintf.o)
__aeabi_dcmplt                                    c:/program files (x86)/atmel/studio/7.0/toolchain/arm/arm-gnu-toolchain/bin/../lib/gcc/arm-none-eabi/6.3.1/thumb/v7-m\libgcc.a(_arm_cmpdf2.o)
                                                  c:/program files (x86)/atmel/studio/7.0/toolchain/arm/arm-gnu-toolchain/bin/../lib/gcc/arm-none-eabi/6.3.1/../../../../arm-none-eabi/lib/thumb/v7-m\libc.a(lib_a-dtoa.o)
                                                  c:/program files (x86)/atmel/studio/7.0/toolchain/arm/arm-gnu-toolchain/bin/../lib/gcc/arm-none-eabi/6.3.1/../../../../arm-none-eabi/lib/thumb/v7-m\libc.a(lib_a-svfprintf.o)
__aeabi_dcmpun                                    c:/program files (x86)/atmel/studio/7.0/toolchain/arm/arm-gnu-toolchain/bin/../lib/gcc/arm-none-eabi/6.3.1/thumb/v7-m\libgcc.a(_arm_unorddf2.o)
                                                  c:/program files (x86)/atmel/studio/7.0/toolchain/arm/arm-gnu-toolchain/bin/../lib/gcc/arm-none-eabi/6.3.1/../../../../arm-none-eabi/lib/thumb/v7-m\libc.a(lib_a-svfprintf.o)
__aeabi_ddiv                                      c:/program files (x86)/atmel/studio/7.0/toolchain/arm/arm-gnu-toolchain/bin/../lib/gcc/arm-none-eabi/6.3.1/thumb/v7-m\libgcc.a(_arm_muldivdf3.o)
                                                  c:/program files (x86)/atmel/studio/7.0/toolchain/arm/arm-gnu-toolchain/bin/../lib/gcc/arm-none-eabi/6.3.1/../../../../arm-none-eabi/lib/thumb/v7-m\libc.a(lib_a-mprec.o)
                                                  c:/program files (x86)/atmel/studio/7.0/toolchain/arm/arm-gnu-toolchain/bin/../lib/gcc/arm-none-eabi/6.3.1/../../../../arm-none-eabi/lib/thumb/v7-m\libc.a(lib_a-dtoa.o)
__aeabi_dmul                                      c:/program files (x86)/atmel/studio/7.0/toolchain/arm/arm-gnu-toolchain/bin/../lib/gcc/arm-none-eabi/6.3.1/thumb/v7-m\libgcc.a(_arm_muldivdf3.o)
                                                  c:/program files (x86)/atmel/studio/7.0/toolchain/arm/arm-gnu-toolchain/bin/../lib/gcc/arm-none-eabi/6.3.1/../../../../arm-none-eabi/lib/thumb/v7-m\libc.a(lib_a-mprec.o)
                                                  c:/program files (x86)/atmel/studio/7.0/toolchain/arm/arm-gnu-toolchain/bin/../lib/gcc/arm-none-eabi/6.3.1/../../../../arm-none-eabi/lib/thumb/v7-m\libc.a(lib_a-dtoa.o)
__aeabi_drsub                                     c:/program files (x86)/atmel/studio/7.0/toolchain/arm/arm-gnu-toolchain/bin/../lib/gcc/arm-none-eabi/6.3.1/thumb/v7-m\libgcc.a(_arm_addsubdf3.o)
__aeabi_dsub                                      c:/program files (x86)/atmel/studio/7.0/toolchain/arm/arm-gnu-toolchain/bin/../lib/gcc/arm-none-eabi/6.3.1/thumb/v7-m\libgcc.a(_arm_addsubdf3.o)
                                                  c:/program files (x86)/atmel/studio/7.0/toolchain/arm/arm-gnu-toolchain/bin/../lib/gcc/arm-none-eabi/6.3.1/../../../../arm-none-eabi/lib/thumb/v7-m\libc.a(lib_a-dtoa.o)
__aeabi_f2d                                       c:/program files (x86)/atmel/studio/7.0/toolchain/arm/arm-gnu-toolchain/bin/../lib/gcc/arm-none-eabi/6.3.1/thumb/v7-m\libgcc.a(_arm_addsubdf3.o)
__aeabi_i2d                                       c:/program files (x86)/atmel/studio/7.0/toolchain/arm/arm-gnu-toolchain/bin/../lib/gcc/arm-none-eabi/6.3.1/thumb/v7-m\libgcc.a(_arm_addsubdf3.o)
                                                  c:/program files (x86)/atmel/studio/7.0/toolchain/arm/arm-gnu-toolchain/bin/../lib/gcc/arm-none-eabi/6.3.1/../../../../arm-none-eabi/lib/thumb/v7-m\libc.a(lib_a-dtoa.o)
__aeabi_idiv0                                     c:/program files (x86)/atmel/studio/7.0/toolchain/arm/arm-gnu-toolchain/bin/../lib/gcc/arm-none-eabi/6.3.1/thumb/v7-m\libgcc.a(_dvmd_tls.o)
__aeabi_l2d                                       c:/program files (x86)/atmel/studio/7.0/toolchain/arm/arm-gnu-toolchain/bin/../lib/gcc/arm-none-eabi/6.3.1/thumb/v7-m\libgcc.a(_arm_addsubdf3.o)
__aeabi_ldiv0                                     c:/program files (x86)/atmel/studio/7.0/toolchain/arm/arm-gnu-toolchain/bin/../lib/gcc/arm-none-eabi/6.3.1/thumb/v7-m\libgcc.a(_dvmd_tls.o)
                                                  c:/program files (x86)/atmel/studio/7.0/toolchain/arm/arm-gnu-toolchain/bin/../lib/gcc/arm-none-eabi/6.3.1/thumb/v7-m\libgcc.a(_aeabi_uldivmod.o)
__aeabi_ui2d                                      c:/program files (x86)/atmel/studio/7.0/toolchain/arm/arm-gnu-toolchain/bin/../lib/gcc/arm-none-eabi/6.3.1/thumb/v7-m\libgcc.a(_arm_addsubdf3.o)
                                                  c:/program files (x86)/atmel/studio/7.0/toolchain/arm/arm-gnu-toolchain/bin/../lib/gcc/arm-none-eabi/6.3.1/../../../../arm-none-eabi/lib/thumb/v7-m\libc.a(lib_a-dtoa.o)
__aeabi_ul2d                                      c:/program files (x86)/atmel/studio/7.0/toolchain/arm/arm-gnu-toolchain/bin/../lib/gcc/arm-none-eabi/6.3.1/thumb/v7-m\libgcc.a(_arm_addsubdf3.o)
__aeabi_uldivmod                                  c:/program files (x86)/atmel/studio/7.0/toolchain/arm/arm-gnu-toolchain/bin/../lib/gcc/arm-none-eabi/6.3.1/thumb/v7-m\libgcc.a(_aeabi_uldivmod.o)
                                                  c:/program files (x86)/atmel/studio/7.0/toolchain/arm/arm-gnu-toolchain/bin/../lib/gcc/arm-none-eabi/6.3.1/../../../../arm-none-eabi/lib/thumb/v7-m\libc.a(lib_a-svfiprintf.o)